09:47:48 **** Incremental Build of configuration Debug for project Test ****
make pre-build main-build 
a9-linaro-pre-build-step
' '
make: Nothing to be done for 'main-build'.
09:52:02 **** Incremental Build of configuration Debug for project Test ****
make pre-build main-build 
a9-linaro-pre-build-step
' '
make: Nothing to be done for 'main-build'.
11:08:30 **** Build of configuration Debug for project lab1_part1 ****
make pre-build main-build 
a9-linaro-pre-build-step
' '
'Building file: ../src/app.c'
'Invoking: ARM v7 gcc compiler'
arm-none-eabi-gcc -Wall -O0 -g3 -c -fmessage-length=0 -MT"src/app.o" -mcpu=cortex-a9 -mfpu=vfpv3 -mfloat-abi=hard -I../../ucos_bsp_0/ps7_cortexa9_0/include -MMD -MP -MF"src/app.d" -MT"src/app.o" -o "src/app.o" "../src/app.c"
'Finished building: ../src/app.c'
' '
'Building target: lab1_part1.elf'
'Invoking: ARM v7 gcc linker'
arm-none-eabi-gcc -mcpu=cortex-a9 -mfpu=vfpv3 -mfloat-abi=hard -Wl,-build-id=none -specs=Xilinx.spec -Wl,-T -Wl,../src/lscript.ld -L../../ucos_bsp_0/ps7_cortexa9_0/lib -o "lab1_part1.elf"  ./src/app.o   -Wl,--start-group,-lucos,-lgcc,-lc,--end-group -Wl,--start-group,-lxil,-lgcc,-lc,--end-group
'Finished building target: lab1_part1.elf'
' '
'Invoking: ARM v7 Print Size'
arm-none-eabi-size lab1_part1.elf  |tee "lab1_part1.elf.size"
   text	   data	    bss	    dec	    hex	filename
  67328	   2152	  33616	 103096	  192b8	lab1_part1.elf
'Finished building: lab1_part1.elf.size'
' '
11:08:44 **** Clean-only build of configuration Debug for project lab1_part1 ****
make clean 
rm -rf  ./src/app.o  ./src/app.d  lab1_part1.elf.size  lab1_part1.elf
' '

****  of configuration Debug for project lab1_part1 ****

Nothing to build for project lab1_part1
11:10:15 **** Auto Build of configuration Debug for project lab1_part1 ****
make pre-build main-build 
a9-linaro-pre-build-step
' '
'Building file: ../src/routeur.c'
'Invoking: ARM v7 gcc compiler'
arm-none-eabi-gcc -Wall -O0 -g3 -c -fmessage-length=0 -MT"src/routeur.o" -mcpu=cortex-a9 -mfpu=vfpv3 -mfloat-abi=hard -I../../ucos_bsp_0/ps7_cortexa9_0/include -MMD -MP -MF"src/routeur.d" -MT"src/routeur.o" -o "src/routeur.o" "../src/routeur.c"
../src/routeur.c:48:1: warning: multi-line comment [-Wcomment]
 // #define safeprintf(fmt, ...)               \
 ^
../src/routeur.c: In function 'create_tasks':
../src/routeur.c:99:6: warning: unused variable 'i' [-Wunused-variable]
  int i;
      ^
../src/routeur.c: In function 'create_events':
../src/routeur.c:110:6: warning: unused variable 'i' [-Wunused-variable]
  int i;
      ^
../src/routeur.c: In function 'TaskGenerate':
../src/routeur.c:155:14: warning: unused variable 'perr' [-Wunused-variable]
  OS_ERR err, perr;
              ^~~~
../src/routeur.c: In function 'TaskComputing':
../src/routeur.c:231:14: warning: unused variable 'perr' [-Wunused-variable]
  OS_ERR err, perr;
              ^~~~
../src/routeur.c: In function 'TaskForwarding':
../src/routeur.c:311:14: warning: unused variable 'perr' [-Wunused-variable]
  OS_ERR err, perr;
              ^~~~
../src/routeur.c: In function 'dispatch_packet':
../src/routeur.c:355:14: warning: unused variable 'msg_size' [-Wunused-variable]
  OS_MSG_SIZE msg_size;
              ^~~~~~~~
../src/routeur.c:353:14: warning: unused variable 'perr' [-Wunused-variable]
  OS_ERR err, perr;
              ^~~~
../src/routeur.c: In function 'TaskOutputPort':
../src/routeur.c:414:12: warning: unused variable 'info' [-Wunused-variable]
  Info_Port info = *(Info_Port*)data;
            ^~~~
../src/routeur.c:410:14: warning: unused variable 'perr' [-Wunused-variable]
  OS_ERR err, perr;
              ^~~~
../src/routeur.c: In function 'TaskStats':
../src/routeur.c:448:10: warning: unused variable 'actualticks' [-Wunused-variable]
  OS_TICK actualticks;
          ^~~~~~~~~~~
../src/routeur.c:446:14: warning: unused variable 'perr' [-Wunused-variable]
  OS_ERR err, perr;
              ^~~~
'Finished building: ../src/routeur.c'
' '
'Building target: lab1_part1.elf'
'Invoking: ARM v7 gcc linker'
arm-none-eabi-gcc -mcpu=cortex-a9 -mfpu=vfpv3 -mfloat-abi=hard -Wl,-build-id=none -specs=Xilinx.spec -Wl,-T -Wl,../src/lscript.ld -L../../ucos_bsp_0/ps7_cortexa9_0/lib -o "lab1_part1.elf"  ./src/routeur.o   -Wl,--start-group,-lucos,-lgcc,-lc,--end-group -Wl,--start-group,-lxil,-lgcc,-lc,--end-group
'Finished building target: lab1_part1.elf'
' '
'Invoking: ARM v7 Print Size'
arm-none-eabi-size lab1_part1.elf  |tee "lab1_part1.elf.size"
   text	   data	    bss	    dec	    hex	filename
  76548	   2152	 293984	 372684	  5afcc	lab1_part1.elf
'Finished building: lab1_part1.elf.size'
' '
11:11:57 **** Auto Build of project ucos_bsp_0 ****
make -k all 
"Running Make include in ps7_cortexa9_0/libsrc/coresightps_dcc_v1_4/src"
make -C ps7_cortexa9_0/libsrc/coresightps_dcc_v1_4/src -s include  "SHELL=CMD" "COMPILER=arm-none-eabi-gcc" "ARCHIVER=arm-none-eabi-ar" "COMPILER_FLAGS=  -O2 -c" "EXTRA_COMPILER_FLAGS=-mcpu=cortex-a9 -mfpu=vfpv3 -mfloat-abi=hard -nostartfiles -g -Wall -Wextra"
"Running Make include in ps7_cortexa9_0/libsrc/cpu_cortexa9_v2_7/src"
make -C ps7_cortexa9_0/libsrc/cpu_cortexa9_v2_7/src -s include  "SHELL=CMD" "COMPILER=arm-none-eabi-gcc" "ARCHIVER=arm-none-eabi-ar" "COMPILER_FLAGS=  -O2 -c" "EXTRA_COMPILER_FLAGS=-mcpu=cortex-a9 -mfpu=vfpv3 -mfloat-abi=hard -nostartfiles -g -Wall -Wextra"
"Running Make include in ps7_cortexa9_0/libsrc/ddrps_v1_0/src"
make -C ps7_cortexa9_0/libsrc/ddrps_v1_0/src -s include  "SHELL=CMD" "COMPILER=arm-none-eabi-gcc" "ARCHIVER=arm-none-eabi-ar" "COMPILER_FLAGS=  -O2 -c" "EXTRA_COMPILER_FLAGS=-mcpu=cortex-a9 -mfpu=vfpv3 -mfloat-abi=hard -nostartfiles -g -Wall -Wextra"
"Running Make include in ps7_cortexa9_0/libsrc/devcfg_v3_5/src"
make -C ps7_cortexa9_0/libsrc/devcfg_v3_5/src -s include  "SHELL=CMD" "COMPILER=arm-none-eabi-gcc" "ARCHIVER=arm-none-eabi-ar" "COMPILER_FLAGS=  -O2 -c" "EXTRA_COMPILER_FLAGS=-mcpu=cortex-a9 -mfpu=vfpv3 -mfloat-abi=hard -nostartfiles -g -Wall -Wextra"
"Running Make include in ps7_cortexa9_0/libsrc/dmaps_v2_4/src"
make -C ps7_cortexa9_0/libsrc/dmaps_v2_4/src -s include  "SHELL=CMD" "COMPILER=arm-none-eabi-gcc" "ARCHIVER=arm-none-eabi-ar" "COMPILER_FLAGS=  -O2 -c" "EXTRA_COMPILER_FLAGS=-mcpu=cortex-a9 -mfpu=vfpv3 -mfloat-abi=hard -nostartfiles -g -Wall -Wextra"
"Running Make include in ps7_cortexa9_0/libsrc/gpiops_v3_4/src"
make -C ps7_cortexa9_0/libsrc/gpiops_v3_4/src -s include  "SHELL=CMD" "COMPILER=arm-none-eabi-gcc" "ARCHIVER=arm-none-eabi-ar" "COMPILER_FLAGS=  -O2 -c" "EXTRA_COMPILER_FLAGS=-mcpu=cortex-a9 -mfpu=vfpv3 -mfloat-abi=hard -nostartfiles -g -Wall -Wextra"
"Running Make include in ps7_cortexa9_0/libsrc/gpio_v4_3/src"
make -C ps7_cortexa9_0/libsrc/gpio_v4_3/src -s include  "SHELL=CMD" "COMPILER=arm-none-eabi-gcc" "ARCHIVER=arm-none-eabi-ar" "COMPILER_FLAGS=  -O2 -c" "EXTRA_COMPILER_FLAGS=-mcpu=cortex-a9 -mfpu=vfpv3 -mfloat-abi=hard -nostartfiles -g -Wall -Wextra"
"Running Make include in ps7_cortexa9_0/libsrc/intc_v3_8/src"
make -C ps7_cortexa9_0/libsrc/intc_v3_8/src -s include  "SHELL=CMD" "COMPILER=arm-none-eabi-gcc" "ARCHIVER=arm-none-eabi-ar" "COMPILER_FLAGS=  -O2 -c" "EXTRA_COMPILER_FLAGS=-mcpu=cortex-a9 -mfpu=vfpv3 -mfloat-abi=hard -nostartfiles -g -Wall -Wextra"
"Running Make include in ps7_cortexa9_0/libsrc/qspips_v3_5/src"
make -C ps7_cortexa9_0/libsrc/qspips_v3_5/src -s include  "SHELL=CMD" "COMPILER=arm-none-eabi-gcc" "ARCHIVER=arm-none-eabi-ar" "COMPILER_FLAGS=  -O2 -c" "EXTRA_COMPILER_FLAGS=-mcpu=cortex-a9 -mfpu=vfpv3 -mfloat-abi=hard -nostartfiles -g -Wall -Wextra"
"Running Make include in ps7_cortexa9_0/libsrc/scugic_v3_10/src"
make -C ps7_cortexa9_0/libsrc/scugic_v3_10/src -s include  "SHELL=CMD" "COMPILER=arm-none-eabi-gcc" "ARCHIVER=arm-none-eabi-ar" "COMPILER_FLAGS=  -O2 -c" "EXTRA_COMPILER_FLAGS=-mcpu=cortex-a9 -mfpu=vfpv3 -mfloat-abi=hard -nostartfiles -g -Wall -Wextra"
"Running Make include in ps7_cortexa9_0/libsrc/scuwdt_v2_1/src"
make -C ps7_cortexa9_0/libsrc/scuwdt_v2_1/src -s include  "SHELL=CMD" "COMPILER=arm-none-eabi-gcc" "ARCHIVER=arm-none-eabi-ar" "COMPILER_FLAGS=  -O2 -c" "EXTRA_COMPILER_FLAGS=-mcpu=cortex-a9 -mfpu=vfpv3 -mfloat-abi=hard -nostartfiles -g -Wall -Wextra"
"Running Make include in ps7_cortexa9_0/libsrc/ucos_common_v1_44/src"
make -C ps7_cortexa9_0/libsrc/ucos_common_v1_44/src -s include  "SHELL=CMD" "COMPILER=arm-none-eabi-gcc" "ARCHIVER=arm-none-eabi-ar" "COMPILER_FLAGS=  -O2 -c" "EXTRA_COMPILER_FLAGS=-mcpu=cortex-a9 -mfpu=vfpv3 -mfloat-abi=hard -nostartfiles -g -Wall -Wextra"
"Running Make include in ps7_cortexa9_0/libsrc/ucos_emacps_v1_44/src"
make -C ps7_cortexa9_0/libsrc/ucos_emacps_v1_44/src -s include  "SHELL=CMD" "COMPILER=arm-none-eabi-gcc" "ARCHIVER=arm-none-eabi-ar" "COMPILER_FLAGS=  -O2 -c" "EXTRA_COMPILER_FLAGS=-mcpu=cortex-a9 -mfpu=vfpv3 -mfloat-abi=hard -nostartfiles -g -Wall -Wextra"
"Running Make include in ps7_cortexa9_0/libsrc/ucos_l2cachec_v1_44/src"
make -C ps7_cortexa9_0/libsrc/ucos_l2cachec_v1_44/src -s include  "SHELL=CMD" "COMPILER=arm-none-eabi-gcc" "ARCHIVER=arm-none-eabi-ar" "COMPILER_FLAGS=  -O2 -c" "EXTRA_COMPILER_FLAGS=-mcpu=cortex-a9 -mfpu=vfpv3 -mfloat-abi=hard -nostartfiles -g -Wall -Wextra"
"Running Make include in ps7_cortexa9_0/libsrc/ucos_osiii_v1_44/src"
make -C ps7_cortexa9_0/libsrc/ucos_osiii_v1_44/src -s include  "SHELL=CMD" "COMPILER=arm-none-eabi-gcc" "ARCHIVER=arm-none-eabi-ar" "COMPILER_FLAGS=  -O2 -c" "EXTRA_COMPILER_FLAGS=-mcpu=cortex-a9 -mfpu=vfpv3 -mfloat-abi=hard -nostartfiles -g -Wall -Wextra"
"Running Make include in ps7_cortexa9_0/libsrc/ucos_scuc_v1_44/src"
make -C ps7_cortexa9_0/libsrc/ucos_scuc_v1_44/src -s include  "SHELL=CMD" "COMPILER=arm-none-eabi-gcc" "ARCHIVER=arm-none-eabi-ar" "COMPILER_FLAGS=  -O2 -c" "EXTRA_COMPILER_FLAGS=-mcpu=cortex-a9 -mfpu=vfpv3 -mfloat-abi=hard -nostartfiles -g -Wall -Wextra"
"Running Make include in ps7_cortexa9_0/libsrc/ucos_scutimer_v1_44/src"
make -C ps7_cortexa9_0/libsrc/ucos_scutimer_v1_44/src -s include  "SHELL=CMD" "COMPILER=arm-none-eabi-gcc" "ARCHIVER=arm-none-eabi-ar" "COMPILER_FLAGS=  -O2 -c" "EXTRA_COMPILER_FLAGS=-mcpu=cortex-a9 -mfpu=vfpv3 -mfloat-abi=hard -nostartfiles -g -Wall -Wextra"
"Running Make include in ps7_cortexa9_0/libsrc/ucos_standalone_v1_44/src"
make -C ps7_cortexa9_0/libsrc/ucos_standalone_v1_44/src -s include  "SHELL=CMD" "COMPILER=arm-none-eabi-gcc" "ARCHIVER=arm-none-eabi-ar" "COMPILER_FLAGS=  -O2 -c" "EXTRA_COMPILER_FLAGS=-mcpu=cortex-a9 -mfpu=vfpv3 -mfloat-abi=hard -nostartfiles -g -Wall -Wextra"
"Running Make include in ps7_cortexa9_0/libsrc/ucos_ttcps_v1_44/src"
make -C ps7_cortexa9_0/libsrc/ucos_ttcps_v1_44/src -s include  "SHELL=CMD" "COMPILER=arm-none-eabi-gcc" "ARCHIVER=arm-none-eabi-ar" "COMPILER_FLAGS=  -O2 -c" "EXTRA_COMPILER_FLAGS=-mcpu=cortex-a9 -mfpu=vfpv3 -mfloat-abi=hard -nostartfiles -g -Wall -Wextra"
"Running Make include in ps7_cortexa9_0/libsrc/ucos_uartps_v1_44/src"
make -C ps7_cortexa9_0/libsrc/ucos_uartps_v1_44/src -s include  "SHELL=CMD" "COMPILER=arm-none-eabi-gcc" "ARCHIVER=arm-none-eabi-ar" "COMPILER_FLAGS=  -O2 -c" "EXTRA_COMPILER_FLAGS=-mcpu=cortex-a9 -mfpu=vfpv3 -mfloat-abi=hard -nostartfiles -g -Wall -Wextra"
"Running Make include in ps7_cortexa9_0/libsrc/ucos_usbps_v1_44/src"
make -C ps7_cortexa9_0/libsrc/ucos_usbps_v1_44/src -s include  "SHELL=CMD" "COMPILER=arm-none-eabi-gcc" "ARCHIVER=arm-none-eabi-ar" "COMPILER_FLAGS=  -O2 -c" "EXTRA_COMPILER_FLAGS=-mcpu=cortex-a9 -mfpu=vfpv3 -mfloat-abi=hard -nostartfiles -g -Wall -Wextra"
"Running Make include in ps7_cortexa9_0/libsrc/ucos_v1_44/src"
make -C ps7_cortexa9_0/libsrc/ucos_v1_44/src -s include  "SHELL=CMD" "COMPILER=arm-none-eabi-gcc" "ARCHIVER=arm-none-eabi-ar" "COMPILER_FLAGS=  -O2 -c" "EXTRA_COMPILER_FLAGS=-mcpu=cortex-a9 -mfpu=vfpv3 -mfloat-abi=hard -nostartfiles -g -Wall -Wextra"
"Running Make include in ps7_cortexa9_0/libsrc/xadcps_v2_3/src"
make -C ps7_cortexa9_0/libsrc/xadcps_v2_3/src -s include  "SHELL=CMD" "COMPILER=arm-none-eabi-gcc" "ARCHIVER=arm-none-eabi-ar" "COMPILER_FLAGS=  -O2 -c" "EXTRA_COMPILER_FLAGS=-mcpu=cortex-a9 -mfpu=vfpv3 -mfloat-abi=hard -nostartfiles -g -Wall -Wextra"
"Running Make libs in ps7_cortexa9_0/libsrc/coresightps_dcc_v1_4/src"
make -C ps7_cortexa9_0/libsrc/coresightps_dcc_v1_4/src -s libs  "SHELL=CMD" "COMPILER=arm-none-eabi-gcc" "ARCHIVER=arm-none-eabi-ar" "COMPILER_FLAGS=  -O2 -c" "EXTRA_COMPILER_FLAGS=-mcpu=cortex-a9 -mfpu=vfpv3 -mfloat-abi=hard -nostartfiles -g -Wall -Wextra"
"Compiling coresightps_dcc"
"Running Make libs in ps7_cortexa9_0/libsrc/cpu_cortexa9_v2_7/src"
make -C ps7_cortexa9_0/libsrc/cpu_cortexa9_v2_7/src -s libs  "SHELL=CMD" "COMPILER=arm-none-eabi-gcc" "ARCHIVER=arm-none-eabi-ar" "COMPILER_FLAGS=  -O2 -c" "EXTRA_COMPILER_FLAGS=-mcpu=cortex-a9 -mfpu=vfpv3 -mfloat-abi=hard -nostartfiles -g -Wall -Wextra"
"Compiling cpu_cortexa9"
"Running Make libs in ps7_cortexa9_0/libsrc/ddrps_v1_0/src"
make -C ps7_cortexa9_0/libsrc/ddrps_v1_0/src -s libs  "SHELL=CMD" "COMPILER=arm-none-eabi-gcc" "ARCHIVER=arm-none-eabi-ar" "COMPILER_FLAGS=  -O2 -c" "EXTRA_COMPILER_FLAGS=-mcpu=cortex-a9 -mfpu=vfpv3 -mfloat-abi=hard -nostartfiles -g -Wall -Wextra"
"Compiling ddrps"
"Running Make libs in ps7_cortexa9_0/libsrc/devcfg_v3_5/src"
make -C ps7_cortexa9_0/libsrc/devcfg_v3_5/src -s libs  "SHELL=CMD" "COMPILER=arm-none-eabi-gcc" "ARCHIVER=arm-none-eabi-ar" "COMPILER_FLAGS=  -O2 -c" "EXTRA_COMPILER_FLAGS=-mcpu=cortex-a9 -mfpu=vfpv3 -mfloat-abi=hard -nostartfiles -g -Wall -Wextra"
"Compiling devcfg"
"Running Make libs in ps7_cortexa9_0/libsrc/dmaps_v2_4/src"
make -C ps7_cortexa9_0/libsrc/dmaps_v2_4/src -s libs  "SHELL=CMD" "COMPILER=arm-none-eabi-gcc" "ARCHIVER=arm-none-eabi-ar" "COMPILER_FLAGS=  -O2 -c" "EXTRA_COMPILER_FLAGS=-mcpu=cortex-a9 -mfpu=vfpv3 -mfloat-abi=hard -nostartfiles -g -Wall -Wextra"
"Compiling dmaps"
"Running Make libs in ps7_cortexa9_0/libsrc/gpiops_v3_4/src"
make -C ps7_cortexa9_0/libsrc/gpiops_v3_4/src -s libs  "SHELL=CMD" "COMPILER=arm-none-eabi-gcc" "ARCHIVER=arm-none-eabi-ar" "COMPILER_FLAGS=  -O2 -c" "EXTRA_COMPILER_FLAGS=-mcpu=cortex-a9 -mfpu=vfpv3 -mfloat-abi=hard -nostartfiles -g -Wall -Wextra"
"Compiling gpiops"
"Running Make libs in ps7_cortexa9_0/libsrc/gpio_v4_3/src"
make -C ps7_cortexa9_0/libsrc/gpio_v4_3/src -s libs  "SHELL=CMD" "COMPILER=arm-none-eabi-gcc" "ARCHIVER=arm-none-eabi-ar" "COMPILER_FLAGS=  -O2 -c" "EXTRA_COMPILER_FLAGS=-mcpu=cortex-a9 -mfpu=vfpv3 -mfloat-abi=hard -nostartfiles -g -Wall -Wextra"
"Compiling gpio"
"Running Make libs in ps7_cortexa9_0/libsrc/intc_v3_8/src"
make -C ps7_cortexa9_0/libsrc/intc_v3_8/src -s libs  "SHELL=CMD" "COMPILER=arm-none-eabi-gcc" "ARCHIVER=arm-none-eabi-ar" "COMPILER_FLAGS=  -O2 -c" "EXTRA_COMPILER_FLAGS=-mcpu=cortex-a9 -mfpu=vfpv3 -mfloat-abi=hard -nostartfiles -g -Wall -Wextra"
"Compiling intc"
"Running Make libs in ps7_cortexa9_0/libsrc/qspips_v3_5/src"
make -C ps7_cortexa9_0/libsrc/qspips_v3_5/src -s libs  "SHELL=CMD" "COMPILER=arm-none-eabi-gcc" "ARCHIVER=arm-none-eabi-ar" "COMPILER_FLAGS=  -O2 -c" "EXTRA_COMPILER_FLAGS=-mcpu=cortex-a9 -mfpu=vfpv3 -mfloat-abi=hard -nostartfiles -g -Wall -Wextra"
"Compiling qspips"
"Running Make libs in ps7_cortexa9_0/libsrc/scugic_v3_10/src"
make -C ps7_cortexa9_0/libsrc/scugic_v3_10/src -s libs  "SHELL=CMD" "COMPILER=arm-none-eabi-gcc" "ARCHIVER=arm-none-eabi-ar" "COMPILER_FLAGS=  -O2 -c" "EXTRA_COMPILER_FLAGS=-mcpu=cortex-a9 -mfpu=vfpv3 -mfloat-abi=hard -nostartfiles -g -Wall -Wextra"
"Compiling scugic"
"Running Make libs in ps7_cortexa9_0/libsrc/scuwdt_v2_1/src"
make -C ps7_cortexa9_0/libsrc/scuwdt_v2_1/src -s libs  "SHELL=CMD" "COMPILER=arm-none-eabi-gcc" "ARCHIVER=arm-none-eabi-ar" "COMPILER_FLAGS=  -O2 -c" "EXTRA_COMPILER_FLAGS=-mcpu=cortex-a9 -mfpu=vfpv3 -mfloat-abi=hard -nostartfiles -g -Wall -Wextra"
"Compiling scuwdt"
"Running Make libs in ps7_cortexa9_0/libsrc/ucos_common_v1_44/src"
make -C ps7_cortexa9_0/libsrc/ucos_common_v1_44/src -s libs  "SHELL=CMD" "COMPILER=arm-none-eabi-gcc" "ARCHIVER=arm-none-eabi-ar" "COMPILER_FLAGS=  -O2 -c" "EXTRA_COMPILER_FLAGS=-mcpu=cortex-a9 -mfpu=vfpv3 -mfloat-abi=hard -nostartfiles -g -Wall -Wextra"
"Compiling uC/OS Common Components"
"Running Make libs in ps7_cortexa9_0/libsrc/ucos_emacps_v1_44/src"
make -C ps7_cortexa9_0/libsrc/ucos_emacps_v1_44/src -s libs  "SHELL=CMD" "COMPILER=arm-none-eabi-gcc" "ARCHIVER=arm-none-eabi-ar" "COMPILER_FLAGS=  -O2 -c" "EXTRA_COMPILER_FLAGS=-mcpu=cortex-a9 -mfpu=vfpv3 -mfloat-abi=hard -nostartfiles -g -Wall -Wextra"
"Compiling ucos_usbps"
"Running Make libs in ps7_cortexa9_0/libsrc/ucos_l2cachec_v1_44/src"
make -C ps7_cortexa9_0/libsrc/ucos_l2cachec_v1_44/src -s libs  "SHELL=CMD" "COMPILER=arm-none-eabi-gcc" "ARCHIVER=arm-none-eabi-ar" "COMPILER_FLAGS=  -O2 -c" "EXTRA_COMPILER_FLAGS=-mcpu=cortex-a9 -mfpu=vfpv3 -mfloat-abi=hard -nostartfiles -g -Wall -Wextra"
"Compiling ucos_scuc"
"Running Make libs in ps7_cortexa9_0/libsrc/ucos_osiii_v1_44/src"
make -C ps7_cortexa9_0/libsrc/ucos_osiii_v1_44/src -s libs  "SHELL=CMD" "COMPILER=arm-none-eabi-gcc" "ARCHIVER=arm-none-eabi-ar" "COMPILER_FLAGS=  -O2 -c" "EXTRA_COMPILER_FLAGS=-mcpu=cortex-a9 -mfpu=vfpv3 -mfloat-abi=hard -nostartfiles -g -Wall -Wextra"
"Compiling uC/OS-III"
"Running Make libs in ps7_cortexa9_0/libsrc/ucos_scuc_v1_44/src"
make -C ps7_cortexa9_0/libsrc/ucos_scuc_v1_44/src -s libs  "SHELL=CMD" "COMPILER=arm-none-eabi-gcc" "ARCHIVER=arm-none-eabi-ar" "COMPILER_FLAGS=  -O2 -c" "EXTRA_COMPILER_FLAGS=-mcpu=cortex-a9 -mfpu=vfpv3 -mfloat-abi=hard -nostartfiles -g -Wall -Wextra"
"Compiling ucos_l2cachec"
"Running Make libs in ps7_cortexa9_0/libsrc/ucos_scutimer_v1_44/src"
make -C ps7_cortexa9_0/libsrc/ucos_scutimer_v1_44/src -s libs  "SHELL=CMD" "COMPILER=arm-none-eabi-gcc" "ARCHIVER=arm-none-eabi-ar" "COMPILER_FLAGS=  -O2 -c" "EXTRA_COMPILER_FLAGS=-mcpu=cortex-a9 -mfpu=vfpv3 -mfloat-abi=hard -nostartfiles -g -Wall -Wextra"
"Compiling scutimer"
"Running Make libs in ps7_cortexa9_0/libsrc/ucos_standalone_v1_44/src"
make -C ps7_cortexa9_0/libsrc/ucos_standalone_v1_44/src -s libs  "SHELL=CMD" "COMPILER=arm-none-eabi-gcc" "ARCHIVER=arm-none-eabi-ar" "COMPILER_FLAGS=  -O2 -c" "EXTRA_COMPILER_FLAGS=-mcpu=cortex-a9 -mfpu=vfpv3 -mfloat-abi=hard -nostartfiles -g -Wall -Wextra"
"Compiling standalone"
In file included from usleep.c:56:0:
xtime_l.h:87:9: note: #pragma message: For the sleep routines, Global timer is being used
 #pragma message ("For the sleep routines, Global timer is being used")
         ^~~~~~~
In file included from sleep.c:53:0:
xtime_l.h:87:9: note: #pragma message: For the sleep routines, Global timer is being used
 #pragma message ("For the sleep routines, Global timer is being used")
         ^~~~~~~
inbyte.c: In function 'inbyte':
inbyte.c:11:1: warning: control reaches end of non-void function [-Wreturn-type]
 }
 ^
In file included from xil_sleeptimer.c:51:0:
xtime_l.h:87:9: note: #pragma message: For the sleep routines, Global timer is being used
 #pragma message ("For the sleep routines, Global timer is being used")
         ^~~~~~~
In file included from xtime_l.c:49:0:
xtime_l.h:87:9: note: #pragma message: For the sleep routines, Global timer is being used
 #pragma message ("For the sleep routines, Global timer is being used")
         ^~~~~~~
"Running Make libs in ps7_cortexa9_0/libsrc/ucos_ttcps_v1_44/src"
make -C ps7_cortexa9_0/libsrc/ucos_ttcps_v1_44/src -s libs  "SHELL=CMD" "COMPILER=arm-none-eabi-gcc" "ARCHIVER=arm-none-eabi-ar" "COMPILER_FLAGS=  -O2 -c" "EXTRA_COMPILER_FLAGS=-mcpu=cortex-a9 -mfpu=vfpv3 -mfloat-abi=hard -nostartfiles -g -Wall -Wextra"
"Compiling ucos_ttcps"
"Running Make libs in ps7_cortexa9_0/libsrc/ucos_uartps_v1_44/src"
make -C ps7_cortexa9_0/libsrc/ucos_uartps_v1_44/src -s libs  "SHELL=CMD" "COMPILER=arm-none-eabi-gcc" "ARCHIVER=arm-none-eabi-ar" "COMPILER_FLAGS=  -O2 -c" "EXTRA_COMPILER_FLAGS=-mcpu=cortex-a9 -mfpu=vfpv3 -mfloat-abi=hard -nostartfiles -g -Wall -Wextra"
"Compiling ucos_emacps"
ucos_uartps.c: In function 'UARTPS_BaudRateSet':
ucos_uartps.c:476:19: warning: 'best_baud_rate_gen' may be used uninitialized in this function [-Wmaybe-uninitialized]
     uart_ps->BAUD = best_baud_rate_gen;
     ~~~~~~~~~~~~~~^~~~~~~~~~~~~~~~~~~~
ucos_uartps.c:477:23: warning: 'best_baud_div' may be used uninitialized in this function [-Wmaybe-uninitialized]
     uart_ps->BAUD_DIV = best_baud_div;
     ~~~~~~~~~~~~~~~~~~^~~~~~~~~~~~~~~
"Running Make libs in ps7_cortexa9_0/libsrc/ucos_usbps_v1_44/src"
make -C ps7_cortexa9_0/libsrc/ucos_usbps_v1_44/src -s libs  "SHELL=CMD" "COMPILER=arm-none-eabi-gcc" "ARCHIVER=arm-none-eabi-ar" "COMPILER_FLAGS=  -O2 -c" "EXTRA_COMPILER_FLAGS=-mcpu=cortex-a9 -mfpu=vfpv3 -mfloat-abi=hard -nostartfiles -g -Wall -Wextra"
"Compiling ucos_usbps"
"Running Make libs in ps7_cortexa9_0/libsrc/ucos_v1_44/src"
make -C ps7_cortexa9_0/libsrc/ucos_v1_44/src -s libs  "SHELL=CMD" "COMPILER=arm-none-eabi-gcc" "ARCHIVER=arm-none-eabi-ar" "COMPILER_FLAGS=  -O2 -c" "EXTRA_COMPILER_FLAGS=-mcpu=cortex-a9 -mfpu=vfpv3 -mfloat-abi=hard -nostartfiles -g -Wall -Wextra"
"Compiling uC/OS"
"Running Make libs in ps7_cortexa9_0/libsrc/xadcps_v2_3/src"
make -C ps7_cortexa9_0/libsrc/xadcps_v2_3/src -s libs  "SHELL=CMD" "COMPILER=arm-none-eabi-gcc" "ARCHIVER=arm-none-eabi-ar" "COMPILER_FLAGS=  -O2 -c" "EXTRA_COMPILER_FLAGS=-mcpu=cortex-a9 -mfpu=vfpv3 -mfloat-abi=hard -nostartfiles -g -Wall -Wextra"
"Compiling xadcps"
'Finished building libraries'
11:12:30 **** Auto Build of configuration Debug for project lab1_part1 ****
make pre-build main-build 
a9-linaro-pre-build-step
' '
'Building file: ../src/routeur.c'
'Invoking: ARM v7 gcc compiler'
arm-none-eabi-gcc -Wall -O0 -g3 -c -fmessage-length=0 -MT"src/routeur.o" -mcpu=cortex-a9 -mfpu=vfpv3 -mfloat-abi=hard -I../../ucos_bsp_0/ps7_cortexa9_0/include -MMD -MP -MF"src/routeur.d" -MT"src/routeur.o" -o "src/routeur.o" "../src/routeur.c"
../src/routeur.c:48:1: warning: multi-line comment [-Wcomment]
 // #define safeprintf(fmt, ...)               \
 ^
../src/routeur.c: In function 'create_tasks':
../src/routeur.c:99:6: warning: unused variable 'i' [-Wunused-variable]
  int i;
      ^
../src/routeur.c: In function 'create_events':
../src/routeur.c:110:6: warning: unused variable 'i' [-Wunused-variable]
  int i;
      ^
../src/routeur.c: In function 'TaskGenerate':
../src/routeur.c:155:14: warning: unused variable 'perr' [-Wunused-variable]
  OS_ERR err, perr;
              ^~~~
../src/routeur.c: In function 'TaskComputing':
../src/routeur.c:231:14: warning: unused variable 'perr' [-Wunused-variable]
  OS_ERR err, perr;
              ^~~~
../src/routeur.c: In function 'TaskForwarding':
../src/routeur.c:311:14: warning: unused variable 'perr' [-Wunused-variable]
  OS_ERR err, perr;
              ^~~~
../src/routeur.c: In function 'dispatch_packet':
../src/routeur.c:355:14: warning: unused variable 'msg_size' [-Wunused-variable]
  OS_MSG_SIZE msg_size;
              ^~~~~~~~
../src/routeur.c:353:14: warning: unused variable 'perr' [-Wunused-variable]
  OS_ERR err, perr;
              ^~~~
../src/routeur.c: In function 'TaskOutputPort':
../src/routeur.c:414:12: warning: unused variable 'info' [-Wunused-variable]
  Info_Port info = *(Info_Port*)data;
            ^~~~
../src/routeur.c:410:14: warning: unused variable 'perr' [-Wunused-variable]
  OS_ERR err, perr;
              ^~~~
../src/routeur.c: In function 'TaskStats':
../src/routeur.c:448:10: warning: unused variable 'actualticks' [-Wunused-variable]
  OS_TICK actualticks;
          ^~~~~~~~~~~
../src/routeur.c:446:14: warning: unused variable 'perr' [-Wunused-variable]
  OS_ERR err, perr;
              ^~~~
'Finished building: ../src/routeur.c'
' '
'Building target: lab1_part1.elf'
'Invoking: ARM v7 gcc linker'
arm-none-eabi-gcc -mcpu=cortex-a9 -mfpu=vfpv3 -mfloat-abi=hard -Wl,-build-id=none -specs=Xilinx.spec -Wl,-T -Wl,../src/lscript.ld -L../../ucos_bsp_0/ps7_cortexa9_0/lib -o "lab1_part1.elf"  ./src/routeur.o   -Wl,--start-group,-lucos,-lgcc,-lc,--end-group -Wl,--start-group,-lxil,-lgcc,-lc,--end-group
'Finished building target: lab1_part1.elf'
' '
'Invoking: ARM v7 Print Size'
arm-none-eabi-size lab1_part1.elf  |tee "lab1_part1.elf.size"
   text	   data	    bss	    dec	    hex	filename
  76548	   2152	 293984	 372684	  5afcc	lab1_part1.elf
'Finished building: lab1_part1.elf.size'
' '
11:13:06 **** Incremental Build of configuration Debug for project lab1_part1 ****
make pre-build main-build 
a9-linaro-pre-build-step
' '
make: Nothing to be done for 'main-build'.
11:40:34 **** Auto Build of configuration Debug for project lab1_part1 ****
make pre-build main-build 
a9-linaro-pre-build-step
' '
'Building file: ../src/routeur.c'
'Invoking: ARM v7 gcc compiler'
arm-none-eabi-gcc -Wall -O0 -g3 -c -fmessage-length=0 -MT"src/routeur.o" -mcpu=cortex-a9 -mfpu=vfpv3 -mfloat-abi=hard -I../../ucos_bsp_0/ps7_cortexa9_0/include -MMD -MP -MF"src/routeur.d" -MT"src/routeur.o" -o "src/routeur.o" "../src/routeur.c"
../src/routeur.c:48:1: warning: multi-line comment [-Wcomment]
 // #define safeprintf(fmt, ...)               \
 ^
../src/routeur.c: In function 'create_tasks':
../src/routeur.c:99:6: warning: unused variable 'i' [-Wunused-variable]
  int i;
      ^
../src/routeur.c: In function 'create_events':
../src/routeur.c:110:6: warning: unused variable 'i' [-Wunused-variable]
  int i;
      ^
../src/routeur.c: In function 'TaskGenerate':
../src/routeur.c:155:14: warning: unused variable 'perr' [-Wunused-variable]
  OS_ERR err, perr;
              ^~~~
../src/routeur.c: In function 'TaskComputing':
../src/routeur.c:264:17: warning: passing argument 1 of 'OSTaskQPost' from incompatible pointer type [-Wincompatible-pointer-types]
     OSTaskQPost(&TaskStats, packet, sizeof(packet), OS_OPT_POST_FIFO + OS_OPT_POST_NO_SCHED, &err);
                 ^
In file included from ../src/routeur.h:12:0,
                 from ../src/routeur.c:17:
../../ucos_bsp_0/ps7_cortexa9_0/include/os.h:1677:15: note: expected 'OS_TCB * {aka struct os_tcb *}' but argument is of type 'void (*)(void *)'
 void          OSTaskQPost               (OS_TCB                *p_tcb,
               ^~~~~~~~~~~
../src/routeur.c:231:14: warning: unused variable 'perr' [-Wunused-variable]
  OS_ERR err, perr;
              ^~~~
../src/routeur.c: In function 'TaskForwarding':
../src/routeur.c:313:14: warning: unused variable 'perr' [-Wunused-variable]
  OS_ERR err, perr;
              ^~~~
../src/routeur.c: In function 'dispatch_packet':
../src/routeur.c:357:14: warning: unused variable 'msg_size' [-Wunused-variable]
  OS_MSG_SIZE msg_size;
              ^~~~~~~~
../src/routeur.c:355:14: warning: unused variable 'perr' [-Wunused-variable]
  OS_ERR err, perr;
              ^~~~
../src/routeur.c: In function 'TaskOutputPort':
../src/routeur.c:416:12: warning: unused variable 'info' [-Wunused-variable]
  Info_Port info = *(Info_Port*)data;
            ^~~~
../src/routeur.c:412:14: warning: unused variable 'perr' [-Wunused-variable]
  OS_ERR err, perr;
              ^~~~
../src/routeur.c: In function 'TaskStats':
../src/routeur.c:474:3: error: 'nbPacketSourceRejeteTotal' undeclared (first use in this function); did you mean 'nbPacketSourceRejete'?
   nbPacketSourceRejeteTotal += nbPacketSourceRejete;
   ^~~~~~~~~~~~~~~~~~~~~~~~~
   nbPacketSourceRejete
../src/routeur.c:474:3: note: each undeclared identifier is reported only once for each function it appears in
../src/routeur.c:477:4: error: 'packet' undeclared (first use in this function); did you mean 'Packet'?
    packet = OSTaskQPend(0, OS_OPT_PEND_BLOCKING, &msg_size, &ts, &err);
    ^~~~~~
    Packet
../src/routeur.c:477:51: error: 'msg_size' undeclared (first use in this function)
    packet = OSTaskQPend(0, OS_OPT_PEND_BLOCKING, &msg_size, &ts, &err);
                                                   ^~~~~~~~
../src/routeur.c:450:10: warning: unused variable 'actualticks' [-Wunused-variable]
  OS_TICK actualticks;
          ^~~~~~~~~~~
../src/routeur.c:448:14: warning: unused variable 'perr' [-Wunused-variable]
  OS_ERR err, perr;
              ^~~~
make: *** [src/subdir.mk:23: src/routeur.o] Error 1
11:41:45 **** Auto Build of configuration Debug for project lab1_part1 ****
make pre-build main-build 
a9-linaro-pre-build-step
' '
'Building file: ../src/routeur.c'
'Invoking: ARM v7 gcc compiler'
arm-none-eabi-gcc -Wall -O0 -g3 -c -fmessage-length=0 -MT"src/routeur.o" -mcpu=cortex-a9 -mfpu=vfpv3 -mfloat-abi=hard -I../../ucos_bsp_0/ps7_cortexa9_0/include -MMD -MP -MF"src/routeur.d" -MT"src/routeur.o" -o "src/routeur.o" "../src/routeur.c"
../src/routeur.c:48:1: warning: multi-line comment [-Wcomment]
 // #define safeprintf(fmt, ...)               \
 ^
../src/routeur.c: In function 'create_tasks':
../src/routeur.c:99:6: warning: unused variable 'i' [-Wunused-variable]
  int i;
      ^
../src/routeur.c: In function 'create_events':
../src/routeur.c:110:6: warning: unused variable 'i' [-Wunused-variable]
  int i;
      ^
../src/routeur.c: In function 'TaskGenerate':
../src/routeur.c:155:14: warning: unused variable 'perr' [-Wunused-variable]
  OS_ERR err, perr;
              ^~~~
../src/routeur.c: In function 'TaskComputing':
../src/routeur.c:264:17: warning: passing argument 1 of 'OSTaskQPost' from incompatible pointer type [-Wincompatible-pointer-types]
     OSTaskQPost(&TaskStats, packet, sizeof(packet), OS_OPT_POST_FIFO + OS_OPT_POST_NO_SCHED, &err);
                 ^
In file included from ../src/routeur.h:12:0,
                 from ../src/routeur.c:17:
../../ucos_bsp_0/ps7_cortexa9_0/include/os.h:1677:15: note: expected 'OS_TCB * {aka struct os_tcb *}' but argument is of type 'void (*)(void *)'
 void          OSTaskQPost               (OS_TCB                *p_tcb,
               ^~~~~~~~~~~
../src/routeur.c:231:14: warning: unused variable 'perr' [-Wunused-variable]
  OS_ERR err, perr;
              ^~~~
../src/routeur.c: In function 'TaskForwarding':
../src/routeur.c:313:14: warning: unused variable 'perr' [-Wunused-variable]
  OS_ERR err, perr;
              ^~~~
../src/routeur.c: In function 'dispatch_packet':
../src/routeur.c:357:14: warning: unused variable 'msg_size' [-Wunused-variable]
  OS_MSG_SIZE msg_size;
              ^~~~~~~~
../src/routeur.c:355:14: warning: unused variable 'perr' [-Wunused-variable]
  OS_ERR err, perr;
              ^~~~
../src/routeur.c: In function 'TaskOutputPort':
../src/routeur.c:416:12: warning: unused variable 'info' [-Wunused-variable]
  Info_Port info = *(Info_Port*)data;
            ^~~~
../src/routeur.c:412:14: warning: unused variable 'perr' [-Wunused-variable]
  OS_ERR err, perr;
              ^~~~
../src/routeur.c: In function 'TaskStats':
../src/routeur.c:477:4: error: 'packet' undeclared (first use in this function); did you mean 'Packet'?
    packet = OSTaskQPend(0, OS_OPT_PEND_BLOCKING, &msg_size, &ts, &err);
    ^~~~~~
    Packet
../src/routeur.c:477:4: note: each undeclared identifier is reported only once for each function it appears in
../src/routeur.c:477:51: error: 'msg_size' undeclared (first use in this function)
    packet = OSTaskQPend(0, OS_OPT_PEND_BLOCKING, &msg_size, &ts, &err);
                                                   ^~~~~~~~
../src/routeur.c:450:10: warning: unused variable 'actualticks' [-Wunused-variable]
  OS_TICK actualticks;
          ^~~~~~~~~~~
../src/routeur.c:448:14: warning: unused variable 'perr' [-Wunused-variable]
  OS_ERR err, perr;
              ^~~~
make: *** [src/subdir.mk:23: src/routeur.o] Error 1
11:41:47 **** Auto Build of configuration Debug for project lab1_part1 ****
make pre-build main-build 
a9-linaro-pre-build-step
' '
'Building file: ../src/routeur.c'
'Invoking: ARM v7 gcc compiler'
arm-none-eabi-gcc -Wall -O0 -g3 -c -fmessage-length=0 -MT"src/routeur.o" -mcpu=cortex-a9 -mfpu=vfpv3 -mfloat-abi=hard -I../../ucos_bsp_0/ps7_cortexa9_0/include -MMD -MP -MF"src/routeur.d" -MT"src/routeur.o" -o "src/routeur.o" "../src/routeur.c"
../src/routeur.c:48:1: warning: multi-line comment [-Wcomment]
 // #define safeprintf(fmt, ...)               \
 ^
../src/routeur.c: In function 'create_tasks':
../src/routeur.c:99:6: warning: unused variable 'i' [-Wunused-variable]
  int i;
      ^
../src/routeur.c: In function 'create_events':
../src/routeur.c:110:6: warning: unused variable 'i' [-Wunused-variable]
  int i;
      ^
../src/routeur.c: In function 'TaskGenerate':
../src/routeur.c:155:14: warning: unused variable 'perr' [-Wunused-variable]
  OS_ERR err, perr;
              ^~~~
../src/routeur.c: In function 'TaskComputing':
../src/routeur.c:264:17: warning: passing argument 1 of 'OSTaskQPost' from incompatible pointer type [-Wincompatible-pointer-types]
     OSTaskQPost(&TaskStats, packet, sizeof(packet), OS_OPT_POST_FIFO + OS_OPT_POST_NO_SCHED, &err);
                 ^
In file included from ../src/routeur.h:12:0,
                 from ../src/routeur.c:17:
../../ucos_bsp_0/ps7_cortexa9_0/include/os.h:1677:15: note: expected 'OS_TCB * {aka struct os_tcb *}' but argument is of type 'void (*)(void *)'
 void          OSTaskQPost               (OS_TCB                *p_tcb,
               ^~~~~~~~~~~
../src/routeur.c:231:14: warning: unused variable 'perr' [-Wunused-variable]
  OS_ERR err, perr;
              ^~~~
../src/routeur.c: In function 'TaskForwarding':
../src/routeur.c:313:14: warning: unused variable 'perr' [-Wunused-variable]
  OS_ERR err, perr;
              ^~~~
../src/routeur.c: In function 'dispatch_packet':
../src/routeur.c:357:14: warning: unused variable 'msg_size' [-Wunused-variable]
  OS_MSG_SIZE msg_size;
              ^~~~~~~~
../src/routeur.c:355:14: warning: unused variable 'perr' [-Wunused-variable]
  OS_ERR err, perr;
              ^~~~
../src/routeur.c: In function 'TaskOutputPort':
../src/routeur.c:416:12: warning: unused variable 'info' [-Wunused-variable]
  Info_Port info = *(Info_Port*)data;
            ^~~~
../src/routeur.c:412:14: warning: unused variable 'perr' [-Wunused-variable]
  OS_ERR err, perr;
              ^~~~
../src/routeur.c: In function 'TaskStats':
../src/routeur.c:478:51: error: 'msg_size' undeclared (first use in this function)
    packet = OSTaskQPend(0, OS_OPT_PEND_BLOCKING, &msg_size, &ts, &err);
                                                   ^~~~~~~~
../src/routeur.c:478:51: note: each undeclared identifier is reported only once for each function it appears in
../src/routeur.c:451:10: warning: unused variable 'actualticks' [-Wunused-variable]
  OS_TICK actualticks;
          ^~~~~~~~~~~
../src/routeur.c:448:14: warning: unused variable 'perr' [-Wunused-variable]
  OS_ERR err, perr;
              ^~~~
make: *** [src/subdir.mk:23: src/routeur.o] Error 1
11:42:15 **** Auto Build of configuration Debug for project lab1_part1 ****
make pre-build main-build 
a9-linaro-pre-build-step
' '
'Building file: ../src/routeur.c'
'Invoking: ARM v7 gcc compiler'
arm-none-eabi-gcc -Wall -O0 -g3 -c -fmessage-length=0 -MT"src/routeur.o" -mcpu=cortex-a9 -mfpu=vfpv3 -mfloat-abi=hard -I../../ucos_bsp_0/ps7_cortexa9_0/include -MMD -MP -MF"src/routeur.d" -MT"src/routeur.o" -o "src/routeur.o" "../src/routeur.c"
../src/routeur.c:48:1: warning: multi-line comment [-Wcomment]
 // #define safeprintf(fmt, ...)               \
 ^
../src/routeur.c: In function 'create_tasks':
../src/routeur.c:99:6: warning: unused variable 'i' [-Wunused-variable]
  int i;
      ^
../src/routeur.c: In function 'create_events':
../src/routeur.c:110:6: warning: unused variable 'i' [-Wunused-variable]
  int i;
      ^
../src/routeur.c: In function 'TaskGenerate':
../src/routeur.c:155:14: warning: unused variable 'perr' [-Wunused-variable]
  OS_ERR err, perr;
              ^~~~
../src/routeur.c: In function 'TaskComputing':
../src/routeur.c:264:17: warning: passing argument 1 of 'OSTaskQPost' from incompatible pointer type [-Wincompatible-pointer-types]
     OSTaskQPost(&TaskStats, packet, sizeof(packet), OS_OPT_POST_FIFO + OS_OPT_POST_NO_SCHED, &err);
                 ^
In file included from ../src/routeur.h:12:0,
                 from ../src/routeur.c:17:
../../ucos_bsp_0/ps7_cortexa9_0/include/os.h:1677:15: note: expected 'OS_TCB * {aka struct os_tcb *}' but argument is of type 'void (*)(void *)'
 void          OSTaskQPost               (OS_TCB                *p_tcb,
               ^~~~~~~~~~~
../src/routeur.c:231:14: warning: unused variable 'perr' [-Wunused-variable]
  OS_ERR err, perr;
              ^~~~
../src/routeur.c: In function 'TaskForwarding':
../src/routeur.c:313:14: warning: unused variable 'perr' [-Wunused-variable]
  OS_ERR err, perr;
              ^~~~
../src/routeur.c: In function 'dispatch_packet':
../src/routeur.c:357:14: warning: unused variable 'msg_size' [-Wunused-variable]
  OS_MSG_SIZE msg_size;
              ^~~~~~~~
../src/routeur.c:355:14: warning: unused variable 'perr' [-Wunused-variable]
  OS_ERR err, perr;
              ^~~~
../src/routeur.c: In function 'TaskOutputPort':
../src/routeur.c:416:12: warning: unused variable 'info' [-Wunused-variable]
  Info_Port info = *(Info_Port*)data;
            ^~~~
../src/routeur.c:412:14: warning: unused variable 'perr' [-Wunused-variable]
  OS_ERR err, perr;
              ^~~~
../src/routeur.c: In function 'TaskStats':
../src/routeur.c:452:10: warning: unused variable 'actualticks' [-Wunused-variable]
  OS_TICK actualticks;
          ^~~~~~~~~~~
../src/routeur.c:448:14: warning: unused variable 'perr' [-Wunused-variable]
  OS_ERR err, perr;
              ^~~~
'Finished building: ../src/routeur.c'
' '
'Building target: lab1_part1.elf'
'Invoking: ARM v7 gcc linker'
arm-none-eabi-gcc -mcpu=cortex-a9 -mfpu=vfpv3 -mfloat-abi=hard -Wl,-build-id=none -specs=Xilinx.spec -Wl,-T -Wl,../src/lscript.ld -L../../ucos_bsp_0/ps7_cortexa9_0/lib -o "lab1_part1.elf"  ./src/routeur.o   -Wl,--start-group,-lucos,-lgcc,-lc,--end-group -Wl,--start-group,-lxil,-lgcc,-lc,--end-group
'Finished building target: lab1_part1.elf'
' '
'Invoking: ARM v7 Print Size'
arm-none-eabi-size lab1_part1.elf  |tee "lab1_part1.elf.size"
   text	   data	    bss	    dec	    hex	filename
  77052	   2152	 293984	 373188	  5b1c4	lab1_part1.elf
'Finished building: lab1_part1.elf.size'
' '
11:42:24 **** Incremental Build of configuration Debug for project lab1_part1 ****
make pre-build main-build 
a9-linaro-pre-build-step
' '
make: Nothing to be done for 'main-build'.
11:42:56 **** Incremental Build of configuration Debug for project lab1_part1 ****
make pre-build main-build 
a9-linaro-pre-build-step
' '
make: Nothing to be done for 'main-build'.
11:44:46 **** Auto Build of configuration Debug for project lab1_part1 ****
make pre-build main-build 
a9-linaro-pre-build-step
' '
'Building file: ../src/routeur.c'
'Invoking: ARM v7 gcc compiler'
arm-none-eabi-gcc -Wall -O0 -g3 -c -fmessage-length=0 -MT"src/routeur.o" -mcpu=cortex-a9 -mfpu=vfpv3 -mfloat-abi=hard -I../../ucos_bsp_0/ps7_cortexa9_0/include -MMD -MP -MF"src/routeur.d" -MT"src/routeur.o" -o "src/routeur.o" "../src/routeur.c"
../src/routeur.c:48:1: warning: multi-line comment [-Wcomment]
 // #define safeprintf(fmt, ...)               \
 ^
../src/routeur.c: In function 'create_tasks':
../src/routeur.c:99:6: warning: unused variable 'i' [-Wunused-variable]
  int i;
      ^
../src/routeur.c: In function 'create_events':
../src/routeur.c:110:6: warning: unused variable 'i' [-Wunused-variable]
  int i;
      ^
../src/routeur.c: In function 'TaskGenerate':
../src/routeur.c:155:14: warning: unused variable 'perr' [-Wunused-variable]
  OS_ERR err, perr;
              ^~~~
../src/routeur.c: In function 'TaskComputing':
../src/routeur.c:264:17: warning: passing argument 1 of 'OSTaskQPost' from incompatible pointer type [-Wincompatible-pointer-types]
     OSTaskQPost(&TaskStats, packet, sizeof(packet), OS_OPT_POST_FIFO + OS_OPT_POST_NO_SCHED, &err);
                 ^
In file included from ../src/routeur.h:12:0,
                 from ../src/routeur.c:17:
../../ucos_bsp_0/ps7_cortexa9_0/include/os.h:1677:15: note: expected 'OS_TCB * {aka struct os_tcb *}' but argument is of type 'void (*)(void *)'
 void          OSTaskQPost               (OS_TCB                *p_tcb,
               ^~~~~~~~~~~
../src/routeur.c:231:14: warning: unused variable 'perr' [-Wunused-variable]
  OS_ERR err, perr;
              ^~~~
../src/routeur.c: In function 'TaskForwarding':
../src/routeur.c:313:14: warning: unused variable 'perr' [-Wunused-variable]
  OS_ERR err, perr;
              ^~~~
../src/routeur.c: In function 'dispatch_packet':
../src/routeur.c:357:14: warning: unused variable 'msg_size' [-Wunused-variable]
  OS_MSG_SIZE msg_size;
              ^~~~~~~~
../src/routeur.c:355:14: warning: unused variable 'perr' [-Wunused-variable]
  OS_ERR err, perr;
              ^~~~
../src/routeur.c: In function 'TaskOutputPort':
../src/routeur.c:416:12: warning: unused variable 'info' [-Wunused-variable]
  Info_Port info = *(Info_Port*)data;
            ^~~~
../src/routeur.c:412:14: warning: unused variable 'perr' [-Wunused-variable]
  OS_ERR err, perr;
              ^~~~
../src/routeur.c: In function 'TaskStats':
../src/routeur.c:452:10: warning: unused variable 'actualticks' [-Wunused-variable]
  OS_TICK actualticks;
          ^~~~~~~~~~~
../src/routeur.c:448:14: warning: unused variable 'perr' [-Wunused-variable]
  OS_ERR err, perr;
              ^~~~
'Finished building: ../src/routeur.c'
' '
'Building target: lab1_part1.elf'
'Invoking: ARM v7 gcc linker'
arm-none-eabi-gcc -mcpu=cortex-a9 -mfpu=vfpv3 -mfloat-abi=hard -Wl,-build-id=none -specs=Xilinx.spec -Wl,-T -Wl,../src/lscript.ld -L../../ucos_bsp_0/ps7_cortexa9_0/lib -o "lab1_part1.elf"  ./src/routeur.o   -Wl,--start-group,-lucos,-lgcc,-lc,--end-group -Wl,--start-group,-lxil,-lgcc,-lc,--end-group
'Finished building target: lab1_part1.elf'
' '
'Invoking: ARM v7 Print Size'
arm-none-eabi-size lab1_part1.elf  |tee "lab1_part1.elf.size"
   text	   data	    bss	    dec	    hex	filename
  77056	   2152	 293984	 373192	  5b1c8	lab1_part1.elf
'Finished building: lab1_part1.elf.size'
' '
11:44:50 **** Incremental Build of configuration Debug for project lab1_part1 ****
make pre-build main-build 
a9-linaro-pre-build-step
' '
make: Nothing to be done for 'main-build'.
11:47:57 **** Auto Build of configuration Debug for project lab1_part1 ****
make pre-build main-build 
a9-linaro-pre-build-step
' '
'Building file: ../src/routeur.c'
'Invoking: ARM v7 gcc compiler'
arm-none-eabi-gcc -Wall -O0 -g3 -c -fmessage-length=0 -MT"src/routeur.o" -mcpu=cortex-a9 -mfpu=vfpv3 -mfloat-abi=hard -I../../ucos_bsp_0/ps7_cortexa9_0/include -MMD -MP -MF"src/routeur.d" -MT"src/routeur.o" -o "src/routeur.o" "../src/routeur.c"
../src/routeur.c:48:1: warning: multi-line comment [-Wcomment]
 // #define safeprintf(fmt, ...)               \
 ^
../src/routeur.c: In function 'create_tasks':
../src/routeur.c:99:6: warning: unused variable 'i' [-Wunused-variable]
  int i;
      ^
../src/routeur.c: In function 'create_events':
../src/routeur.c:110:6: warning: unused variable 'i' [-Wunused-variable]
  int i;
      ^
../src/routeur.c: In function 'TaskGenerate':
../src/routeur.c:155:14: warning: unused variable 'perr' [-Wunused-variable]
  OS_ERR err, perr;
              ^~~~
../src/routeur.c: In function 'TaskComputing':
../src/routeur.c:264:17: warning: passing argument 1 of 'OSTaskQPost' from incompatible pointer type [-Wincompatible-pointer-types]
     OSTaskQPost(&TaskStats, packet, sizeof(packet), OS_OPT_POST_FIFO + OS_OPT_POST_NO_SCHED, &err);
                 ^
In file included from ../src/routeur.h:12:0,
                 from ../src/routeur.c:17:
../../ucos_bsp_0/ps7_cortexa9_0/include/os.h:1677:15: note: expected 'OS_TCB * {aka struct os_tcb *}' but argument is of type 'void (*)(void *)'
 void          OSTaskQPost               (OS_TCB                *p_tcb,
               ^~~~~~~~~~~
../src/routeur.c:231:14: warning: unused variable 'perr' [-Wunused-variable]
  OS_ERR err, perr;
              ^~~~
../src/routeur.c: In function 'TaskForwarding':
../src/routeur.c:313:14: warning: unused variable 'perr' [-Wunused-variable]
  OS_ERR err, perr;
              ^~~~
../src/routeur.c: In function 'dispatch_packet':
../src/routeur.c:357:14: warning: unused variable 'msg_size' [-Wunused-variable]
  OS_MSG_SIZE msg_size;
              ^~~~~~~~
../src/routeur.c:355:14: warning: unused variable 'perr' [-Wunused-variable]
  OS_ERR err, perr;
              ^~~~
../src/routeur.c: In function 'TaskOutputPort':
../src/routeur.c:416:12: warning: unused variable 'info' [-Wunused-variable]
  Info_Port info = *(Info_Port*)data;
            ^~~~
../src/routeur.c:412:14: warning: unused variable 'perr' [-Wunused-variable]
  OS_ERR err, perr;
              ^~~~
../src/routeur.c: In function 'TaskStats':
../src/routeur.c:452:10: warning: unused variable 'actualticks' [-Wunused-variable]
  OS_TICK actualticks;
          ^~~~~~~~~~~
../src/routeur.c:448:14: warning: unused variable 'perr' [-Wunused-variable]
  OS_ERR err, perr;
              ^~~~
'Finished building: ../src/routeur.c'
' '
'Building target: lab1_part1.elf'
'Invoking: ARM v7 gcc linker'
arm-none-eabi-gcc -mcpu=cortex-a9 -mfpu=vfpv3 -mfloat-abi=hard -Wl,-build-id=none -specs=Xilinx.spec -Wl,-T -Wl,../src/lscript.ld -L../../ucos_bsp_0/ps7_cortexa9_0/lib -o "lab1_part1.elf"  ./src/routeur.o   -Wl,--start-group,-lucos,-lgcc,-lc,--end-group -Wl,--start-group,-lxil,-lgcc,-lc,--end-group
'Finished building target: lab1_part1.elf'
' '
'Invoking: ARM v7 Print Size'
arm-none-eabi-size lab1_part1.elf  |tee "lab1_part1.elf.size"
   text	   data	    bss	    dec	    hex	filename
  77056	   2152	 293984	 373192	  5b1c8	lab1_part1.elf
'Finished building: lab1_part1.elf.size'
' '
11:48:00 **** Incremental Build of configuration Debug for project lab1_part1 ****
make pre-build main-build 
a9-linaro-pre-build-step
' '
make: Nothing to be done for 'main-build'.
11:51:23 **** Auto Build of configuration Debug for project lab1_part1 ****
make pre-build main-build 
a9-linaro-pre-build-step
' '
'Building file: ../src/routeur.c'
'Invoking: ARM v7 gcc compiler'
arm-none-eabi-gcc -Wall -O0 -g3 -c -fmessage-length=0 -MT"src/routeur.o" -mcpu=cortex-a9 -mfpu=vfpv3 -mfloat-abi=hard -I../../ucos_bsp_0/ps7_cortexa9_0/include -MMD -MP -MF"src/routeur.d" -MT"src/routeur.o" -o "src/routeur.o" "../src/routeur.c"
../src/routeur.c:48:1: warning: multi-line comment [-Wcomment]
 // #define safeprintf(fmt, ...)               \
 ^
../src/routeur.c: In function 'create_tasks':
../src/routeur.c:99:6: warning: unused variable 'i' [-Wunused-variable]
  int i;
      ^
../src/routeur.c: In function 'create_events':
../src/routeur.c:110:6: warning: unused variable 'i' [-Wunused-variable]
  int i;
      ^
../src/routeur.c: In function 'TaskGenerate':
../src/routeur.c:155:14: warning: unused variable 'perr' [-Wunused-variable]
  OS_ERR err, perr;
              ^~~~
../src/routeur.c: In function 'TaskComputing':
../src/routeur.c:264:17: warning: passing argument 1 of 'OSTaskQPost' from incompatible pointer type [-Wincompatible-pointer-types]
     OSTaskQPost(&TaskStats, packet, sizeof(packet), OS_OPT_POST_FIFO + OS_OPT_POST_NO_SCHED, &err);
                 ^
In file included from ../src/routeur.h:12:0,
                 from ../src/routeur.c:17:
../../ucos_bsp_0/ps7_cortexa9_0/include/os.h:1677:15: note: expected 'OS_TCB * {aka struct os_tcb *}' but argument is of type 'void (*)(void *)'
 void          OSTaskQPost               (OS_TCB                *p_tcb,
               ^~~~~~~~~~~
../src/routeur.c:231:14: warning: unused variable 'perr' [-Wunused-variable]
  OS_ERR err, perr;
              ^~~~
../src/routeur.c: In function 'TaskForwarding':
../src/routeur.c:313:14: warning: unused variable 'perr' [-Wunused-variable]
  OS_ERR err, perr;
              ^~~~
../src/routeur.c: In function 'dispatch_packet':
../src/routeur.c:357:14: warning: unused variable 'msg_size' [-Wunused-variable]
  OS_MSG_SIZE msg_size;
              ^~~~~~~~
../src/routeur.c:355:14: warning: unused variable 'perr' [-Wunused-variable]
  OS_ERR err, perr;
              ^~~~
../src/routeur.c: In function 'TaskOutputPort':
../src/routeur.c:416:12: warning: unused variable 'info' [-Wunused-variable]
  Info_Port info = *(Info_Port*)data;
            ^~~~
../src/routeur.c:412:14: warning: unused variable 'perr' [-Wunused-variable]
  OS_ERR err, perr;
              ^~~~
../src/routeur.c: In function 'TaskStats':
../src/routeur.c:452:10: warning: unused variable 'actualticks' [-Wunused-variable]
  OS_TICK actualticks;
          ^~~~~~~~~~~
../src/routeur.c:448:14: warning: unused variable 'perr' [-Wunused-variable]
  OS_ERR err, perr;
              ^~~~
'Finished building: ../src/routeur.c'
' '
'Building target: lab1_part1.elf'
'Invoking: ARM v7 gcc linker'
arm-none-eabi-gcc -mcpu=cortex-a9 -mfpu=vfpv3 -mfloat-abi=hard -Wl,-build-id=none -specs=Xilinx.spec -Wl,-T -Wl,../src/lscript.ld -L../../ucos_bsp_0/ps7_cortexa9_0/lib -o "lab1_part1.elf"  ./src/routeur.o   -Wl,--start-group,-lucos,-lgcc,-lc,--end-group -Wl,--start-group,-lxil,-lgcc,-lc,--end-group
'Finished building target: lab1_part1.elf'
' '
'Invoking: ARM v7 Print Size'
arm-none-eabi-size lab1_part1.elf  |tee "lab1_part1.elf.size"
   text	   data	    bss	    dec	    hex	filename
  77056	   2152	 293984	 373192	  5b1c8	lab1_part1.elf
'Finished building: lab1_part1.elf.size'
' '
11:51:26 **** Incremental Build of configuration Debug for project lab1_part1 ****
make pre-build main-build 
a9-linaro-pre-build-step
' '
make: Nothing to be done for 'main-build'.
11:53:24 **** Incremental Build of configuration Debug for project lab1_part1 ****
make pre-build main-build 
a9-linaro-pre-build-step
' '
make: Nothing to be done for 'main-build'.
11:55:04 **** Auto Build of configuration Debug for project lab1_part1 ****
make pre-build main-build 
a9-linaro-pre-build-step
' '
'Building file: ../src/routeur.c'
'Invoking: ARM v7 gcc compiler'
arm-none-eabi-gcc -Wall -O0 -g3 -c -fmessage-length=0 -MT"src/routeur.o" -mcpu=cortex-a9 -mfpu=vfpv3 -mfloat-abi=hard -I../../ucos_bsp_0/ps7_cortexa9_0/include -MMD -MP -MF"src/routeur.d" -MT"src/routeur.o" -o "src/routeur.o" "../src/routeur.c"
../src/routeur.c:48:1: warning: multi-line comment [-Wcomment]
 // #define safeprintf(fmt, ...)               \
 ^
../src/routeur.c: In function 'create_tasks':
../src/routeur.c:99:6: warning: unused variable 'i' [-Wunused-variable]
  int i;
      ^
../src/routeur.c: In function 'create_events':
../src/routeur.c:110:6: warning: unused variable 'i' [-Wunused-variable]
  int i;
      ^
../src/routeur.c: In function 'TaskGenerate':
../src/routeur.c:155:14: warning: unused variable 'perr' [-Wunused-variable]
  OS_ERR err, perr;
              ^~~~
../src/routeur.c: In function 'TaskComputing':
../src/routeur.c:264:17: warning: passing argument 1 of 'OSTaskQPost' from incompatible pointer type [-Wincompatible-pointer-types]
     OSTaskQPost(&TaskStats, packet, sizeof(packet), OS_OPT_POST_FIFO + OS_OPT_POST_NO_SCHED, &err);
                 ^
In file included from ../src/routeur.h:12:0,
                 from ../src/routeur.c:17:
../../ucos_bsp_0/ps7_cortexa9_0/include/os.h:1677:15: note: expected 'OS_TCB * {aka struct os_tcb *}' but argument is of type 'void (*)(void *)'
 void          OSTaskQPost               (OS_TCB                *p_tcb,
               ^~~~~~~~~~~
../src/routeur.c:231:14: warning: unused variable 'perr' [-Wunused-variable]
  OS_ERR err, perr;
              ^~~~
../src/routeur.c: In function 'TaskForwarding':
../src/routeur.c:313:14: warning: unused variable 'perr' [-Wunused-variable]
  OS_ERR err, perr;
              ^~~~
../src/routeur.c: In function 'dispatch_packet':
../src/routeur.c:357:14: warning: unused variable 'msg_size' [-Wunused-variable]
  OS_MSG_SIZE msg_size;
              ^~~~~~~~
../src/routeur.c:355:14: warning: unused variable 'perr' [-Wunused-variable]
  OS_ERR err, perr;
              ^~~~
../src/routeur.c: In function 'TaskOutputPort':
../src/routeur.c:416:12: warning: unused variable 'info' [-Wunused-variable]
  Info_Port info = *(Info_Port*)data;
            ^~~~
../src/routeur.c:412:14: warning: unused variable 'perr' [-Wunused-variable]
  OS_ERR err, perr;
              ^~~~
../src/routeur.c: In function 'TaskStats':
../src/routeur.c:452:10: warning: unused variable 'actualticks' [-Wunused-variable]
  OS_TICK actualticks;
          ^~~~~~~~~~~
../src/routeur.c:448:14: warning: unused variable 'perr' [-Wunused-variable]
  OS_ERR err, perr;
              ^~~~
'Finished building: ../src/routeur.c'
' '
'Building target: lab1_part1.elf'
'Invoking: ARM v7 gcc linker'
arm-none-eabi-gcc -mcpu=cortex-a9 -mfpu=vfpv3 -mfloat-abi=hard -Wl,-build-id=none -specs=Xilinx.spec -Wl,-T -Wl,../src/lscript.ld -L../../ucos_bsp_0/ps7_cortexa9_0/lib -o "lab1_part1.elf"  ./src/routeur.o   -Wl,--start-group,-lucos,-lgcc,-lc,--end-group -Wl,--start-group,-lxil,-lgcc,-lc,--end-group
'Finished building target: lab1_part1.elf'
' '
'Invoking: ARM v7 Print Size'
arm-none-eabi-size lab1_part1.elf  |tee "lab1_part1.elf.size"
   text	   data	    bss	    dec	    hex	filename
  77056	   2152	 293984	 373192	  5b1c8	lab1_part1.elf
'Finished building: lab1_part1.elf.size'
' '
11:55:07 **** Incremental Build of configuration Debug for project lab1_part1 ****
make pre-build main-build 
a9-linaro-pre-build-step
' '
make: Nothing to be done for 'main-build'.
11:59:53 **** Auto Build of configuration Debug for project lab1_part1 ****
make pre-build main-build 
a9-linaro-pre-build-step
' '
'Building file: ../src/routeur.c'
'Invoking: ARM v7 gcc compiler'
arm-none-eabi-gcc -Wall -O0 -g3 -c -fmessage-length=0 -MT"src/routeur.o" -mcpu=cortex-a9 -mfpu=vfpv3 -mfloat-abi=hard -I../../ucos_bsp_0/ps7_cortexa9_0/include -MMD -MP -MF"src/routeur.d" -MT"src/routeur.o" -o "src/routeur.o" "../src/routeur.c"
../src/routeur.c:48:1: warning: multi-line comment [-Wcomment]
 // #define safeprintf(fmt, ...)               \
 ^
../src/routeur.c: In function 'create_tasks':
../src/routeur.c:99:6: warning: unused variable 'i' [-Wunused-variable]
  int i;
      ^
../src/routeur.c: In function 'create_events':
../src/routeur.c:110:6: warning: unused variable 'i' [-Wunused-variable]
  int i;
      ^
../src/routeur.c: In function 'TaskGenerate':
../src/routeur.c:155:14: warning: unused variable 'perr' [-Wunused-variable]
  OS_ERR err, perr;
              ^~~~
../src/routeur.c: In function 'TaskComputing':
../src/routeur.c:264:17: warning: passing argument 1 of 'OSTaskQPost' from incompatible pointer type [-Wincompatible-pointer-types]
     OSTaskQPost(&TaskStats, packet, sizeof(packet), OS_OPT_POST_FIFO + OS_OPT_POST_NO_SCHED, &err);
                 ^
In file included from ../src/routeur.h:12:0,
                 from ../src/routeur.c:17:
../../ucos_bsp_0/ps7_cortexa9_0/include/os.h:1677:15: note: expected 'OS_TCB * {aka struct os_tcb *}' but argument is of type 'void (*)(void *)'
 void          OSTaskQPost               (OS_TCB                *p_tcb,
               ^~~~~~~~~~~
../src/routeur.c:231:14: warning: unused variable 'perr' [-Wunused-variable]
  OS_ERR err, perr;
              ^~~~
../src/routeur.c: In function 'TaskForwarding':
../src/routeur.c:313:14: warning: unused variable 'perr' [-Wunused-variable]
  OS_ERR err, perr;
              ^~~~
../src/routeur.c: In function 'dispatch_packet':
../src/routeur.c:357:14: warning: unused variable 'msg_size' [-Wunused-variable]
  OS_MSG_SIZE msg_size;
              ^~~~~~~~
../src/routeur.c:355:14: warning: unused variable 'perr' [-Wunused-variable]
  OS_ERR err, perr;
              ^~~~
../src/routeur.c: In function 'TaskOutputPort':
../src/routeur.c:416:12: warning: unused variable 'info' [-Wunused-variable]
  Info_Port info = *(Info_Port*)data;
            ^~~~
../src/routeur.c:412:14: warning: unused variable 'perr' [-Wunused-variable]
  OS_ERR err, perr;
              ^~~~
../src/routeur.c: In function 'TaskStats':
../src/routeur.c:452:10: warning: unused variable 'actualticks' [-Wunused-variable]
  OS_TICK actualticks;
          ^~~~~~~~~~~
../src/routeur.c:448:14: warning: unused variable 'perr' [-Wunused-variable]
  OS_ERR err, perr;
              ^~~~
'Finished building: ../src/routeur.c'
' '
'Building target: lab1_part1.elf'
'Invoking: ARM v7 gcc linker'
arm-none-eabi-gcc -mcpu=cortex-a9 -mfpu=vfpv3 -mfloat-abi=hard -Wl,-build-id=none -specs=Xilinx.spec -Wl,-T -Wl,../src/lscript.ld -L../../ucos_bsp_0/ps7_cortexa9_0/lib -o "lab1_part1.elf"  ./src/routeur.o   -Wl,--start-group,-lucos,-lgcc,-lc,--end-group -Wl,--start-group,-lxil,-lgcc,-lc,--end-group
'Finished building target: lab1_part1.elf'
' '
'Invoking: ARM v7 Print Size'
arm-none-eabi-size lab1_part1.elf  |tee "lab1_part1.elf.size"
   text	   data	    bss	    dec	    hex	filename
  77120	   2152	 293984	 373256	  5b208	lab1_part1.elf
'Finished building: lab1_part1.elf.size'
' '
11:59:58 **** Incremental Build of configuration Debug for project lab1_part1 ****
make pre-build main-build 
a9-linaro-pre-build-step
' '
make: Nothing to be done for 'main-build'.
12:03:00 **** Auto Build of configuration Debug for project lab1_part1 ****
make pre-build main-build 
a9-linaro-pre-build-step
' '
'Building file: ../src/routeur.c'
'Invoking: ARM v7 gcc compiler'
arm-none-eabi-gcc -Wall -O0 -g3 -c -fmessage-length=0 -MT"src/routeur.o" -mcpu=cortex-a9 -mfpu=vfpv3 -mfloat-abi=hard -I../../ucos_bsp_0/ps7_cortexa9_0/include -MMD -MP -MF"src/routeur.d" -MT"src/routeur.o" -o "src/routeur.o" "../src/routeur.c"
../src/routeur.c:48:1: warning: multi-line comment [-Wcomment]
 // #define safeprintf(fmt, ...)               \
 ^
../src/routeur.c: In function 'create_tasks':
../src/routeur.c:99:6: warning: unused variable 'i' [-Wunused-variable]
  int i;
      ^
../src/routeur.c: In function 'create_events':
../src/routeur.c:110:6: warning: unused variable 'i' [-Wunused-variable]
  int i;
      ^
../src/routeur.c: In function 'TaskGenerate':
../src/routeur.c:155:14: warning: unused variable 'perr' [-Wunused-variable]
  OS_ERR err, perr;
              ^~~~
../src/routeur.c: In function 'TaskComputing':
../src/routeur.c:264:17: warning: passing argument 1 of 'OSTaskQPost' from incompatible pointer type [-Wincompatible-pointer-types]
     OSTaskQPost(&TaskStats, packet, sizeof(packet), OS_OPT_POST_FIFO + OS_OPT_POST_NO_SCHED, &err);
                 ^
In file included from ../src/routeur.h:12:0,
                 from ../src/routeur.c:17:
../../ucos_bsp_0/ps7_cortexa9_0/include/os.h:1677:15: note: expected 'OS_TCB * {aka struct os_tcb *}' but argument is of type 'void (*)(void *)'
 void          OSTaskQPost               (OS_TCB                *p_tcb,
               ^~~~~~~~~~~
../src/routeur.c:231:14: warning: unused variable 'perr' [-Wunused-variable]
  OS_ERR err, perr;
              ^~~~
../src/routeur.c: In function 'TaskForwarding':
../src/routeur.c:313:14: warning: unused variable 'perr' [-Wunused-variable]
  OS_ERR err, perr;
              ^~~~
../src/routeur.c: In function 'dispatch_packet':
../src/routeur.c:357:14: warning: unused variable 'msg_size' [-Wunused-variable]
  OS_MSG_SIZE msg_size;
              ^~~~~~~~
../src/routeur.c:355:14: warning: unused variable 'perr' [-Wunused-variable]
  OS_ERR err, perr;
              ^~~~
../src/routeur.c: In function 'TaskOutputPort':
../src/routeur.c:416:12: warning: unused variable 'info' [-Wunused-variable]
  Info_Port info = *(Info_Port*)data;
            ^~~~
../src/routeur.c:412:14: warning: unused variable 'perr' [-Wunused-variable]
  OS_ERR err, perr;
              ^~~~
../src/routeur.c: In function 'TaskStats':
../src/routeur.c:452:10: warning: unused variable 'actualticks' [-Wunused-variable]
  OS_TICK actualticks;
          ^~~~~~~~~~~
../src/routeur.c:448:14: warning: unused variable 'perr' [-Wunused-variable]
  OS_ERR err, perr;
              ^~~~
'Finished building: ../src/routeur.c'
' '
'Building target: lab1_part1.elf'
'Invoking: ARM v7 gcc linker'
arm-none-eabi-gcc -mcpu=cortex-a9 -mfpu=vfpv3 -mfloat-abi=hard -Wl,-build-id=none -specs=Xilinx.spec -Wl,-T -Wl,../src/lscript.ld -L../../ucos_bsp_0/ps7_cortexa9_0/lib -o "lab1_part1.elf"  ./src/routeur.o   -Wl,--start-group,-lucos,-lgcc,-lc,--end-group -Wl,--start-group,-lxil,-lgcc,-lc,--end-group
'Finished building target: lab1_part1.elf'
' '
'Invoking: ARM v7 Print Size'
arm-none-eabi-size lab1_part1.elf  |tee "lab1_part1.elf.size"
   text	   data	    bss	    dec	    hex	filename
  77120	   2152	 293984	 373256	  5b208	lab1_part1.elf
'Finished building: lab1_part1.elf.size'
' '
12:03:38 **** Auto Build of configuration Debug for project lab1_part1 ****
make pre-build main-build 
a9-linaro-pre-build-step
' '
'Building file: ../src/routeur.c'
'Invoking: ARM v7 gcc compiler'
arm-none-eabi-gcc -Wall -O0 -g3 -c -fmessage-length=0 -MT"src/routeur.o" -mcpu=cortex-a9 -mfpu=vfpv3 -mfloat-abi=hard -I../../ucos_bsp_0/ps7_cortexa9_0/include -MMD -MP -MF"src/routeur.d" -MT"src/routeur.o" -o "src/routeur.o" "../src/routeur.c"
../src/routeur.c:48:1: warning: multi-line comment [-Wcomment]
 // #define safeprintf(fmt, ...)               \
 ^
../src/routeur.c: In function 'create_tasks':
../src/routeur.c:99:6: warning: unused variable 'i' [-Wunused-variable]
  int i;
      ^
../src/routeur.c: In function 'create_events':
../src/routeur.c:110:6: warning: unused variable 'i' [-Wunused-variable]
  int i;
      ^
../src/routeur.c: In function 'TaskGenerate':
../src/routeur.c:155:14: warning: unused variable 'perr' [-Wunused-variable]
  OS_ERR err, perr;
              ^~~~
../src/routeur.c: In function 'TaskComputing':
../src/routeur.c:264:17: warning: passing argument 1 of 'OSTaskQPost' from incompatible pointer type [-Wincompatible-pointer-types]
     OSTaskQPost(&TaskStats, packet, sizeof(packet), OS_OPT_POST_FIFO + OS_OPT_POST_NO_SCHED, &err);
                 ^
In file included from ../src/routeur.h:12:0,
                 from ../src/routeur.c:17:
../../ucos_bsp_0/ps7_cortexa9_0/include/os.h:1677:15: note: expected 'OS_TCB * {aka struct os_tcb *}' but argument is of type 'void (*)(void *)'
 void          OSTaskQPost               (OS_TCB                *p_tcb,
               ^~~~~~~~~~~
../src/routeur.c:231:14: warning: unused variable 'perr' [-Wunused-variable]
  OS_ERR err, perr;
              ^~~~
../src/routeur.c: In function 'TaskForwarding':
../src/routeur.c:313:14: warning: unused variable 'perr' [-Wunused-variable]
  OS_ERR err, perr;
              ^~~~
../src/routeur.c: In function 'dispatch_packet':
../src/routeur.c:357:14: warning: unused variable 'msg_size' [-Wunused-variable]
  OS_MSG_SIZE msg_size;
              ^~~~~~~~
../src/routeur.c:355:14: warning: unused variable 'perr' [-Wunused-variable]
  OS_ERR err, perr;
              ^~~~
../src/routeur.c: In function 'TaskOutputPort':
../src/routeur.c:416:12: warning: unused variable 'info' [-Wunused-variable]
  Info_Port info = *(Info_Port*)data;
            ^~~~
../src/routeur.c:412:14: warning: unused variable 'perr' [-Wunused-variable]
  OS_ERR err, perr;
              ^~~~
../src/routeur.c: In function 'TaskStats':
../src/routeur.c:452:10: warning: unused variable 'actualticks' [-Wunused-variable]
  OS_TICK actualticks;
          ^~~~~~~~~~~
../src/routeur.c:448:14: warning: unused variable 'perr' [-Wunused-variable]
  OS_ERR err, perr;
              ^~~~
'Finished building: ../src/routeur.c'
' '
'Building target: lab1_part1.elf'
'Invoking: ARM v7 gcc linker'
arm-none-eabi-gcc -mcpu=cortex-a9 -mfpu=vfpv3 -mfloat-abi=hard -Wl,-build-id=none -specs=Xilinx.spec -Wl,-T -Wl,../src/lscript.ld -L../../ucos_bsp_0/ps7_cortexa9_0/lib -o "lab1_part1.elf"  ./src/routeur.o   -Wl,--start-group,-lucos,-lgcc,-lc,--end-group -Wl,--start-group,-lxil,-lgcc,-lc,--end-group
'Finished building target: lab1_part1.elf'
' '
'Invoking: ARM v7 Print Size'
arm-none-eabi-size lab1_part1.elf  |tee "lab1_part1.elf.size"
   text	   data	    bss	    dec	    hex	filename
  77120	   2152	 293984	 373256	  5b208	lab1_part1.elf
'Finished building: lab1_part1.elf.size'
' '
12:03:43 **** Incremental Build of configuration Debug for project lab1_part1 ****
make pre-build main-build 
a9-linaro-pre-build-step
' '
make: Nothing to be done for 'main-build'.
12:05:52 **** Auto Build of configuration Debug for project lab1_part1 ****
make pre-build main-build 
a9-linaro-pre-build-step
' '
'Building file: ../src/routeur.c'
'Invoking: ARM v7 gcc compiler'
arm-none-eabi-gcc -Wall -O0 -g3 -c -fmessage-length=0 -MT"src/routeur.o" -mcpu=cortex-a9 -mfpu=vfpv3 -mfloat-abi=hard -I../../ucos_bsp_0/ps7_cortexa9_0/include -MMD -MP -MF"src/routeur.d" -MT"src/routeur.o" -o "src/routeur.o" "../src/routeur.c"
../src/routeur.c:48:1: warning: multi-line comment [-Wcomment]
 // #define safeprintf(fmt, ...)               \
 ^
../src/routeur.c: In function 'create_tasks':
../src/routeur.c:99:6: warning: unused variable 'i' [-Wunused-variable]
  int i;
      ^
../src/routeur.c: In function 'create_events':
../src/routeur.c:110:6: warning: unused variable 'i' [-Wunused-variable]
  int i;
      ^
../src/routeur.c: In function 'TaskGenerate':
../src/routeur.c:155:14: warning: unused variable 'perr' [-Wunused-variable]
  OS_ERR err, perr;
              ^~~~
../src/routeur.c: In function 'TaskComputing':
../src/routeur.c:264:17: warning: passing argument 1 of 'OSTaskQPost' from incompatible pointer type [-Wincompatible-pointer-types]
     OSTaskQPost(&TaskStats, packet, sizeof(packet), OS_OPT_POST_FIFO + OS_OPT_POST_NO_SCHED, &err);
                 ^
In file included from ../src/routeur.h:12:0,
                 from ../src/routeur.c:17:
../../ucos_bsp_0/ps7_cortexa9_0/include/os.h:1677:15: note: expected 'OS_TCB * {aka struct os_tcb *}' but argument is of type 'void (*)(void *)'
 void          OSTaskQPost               (OS_TCB                *p_tcb,
               ^~~~~~~~~~~
../src/routeur.c:231:14: warning: unused variable 'perr' [-Wunused-variable]
  OS_ERR err, perr;
              ^~~~
../src/routeur.c: In function 'TaskForwarding':
../src/routeur.c:313:14: warning: unused variable 'perr' [-Wunused-variable]
  OS_ERR err, perr;
              ^~~~
../src/routeur.c: In function 'dispatch_packet':
../src/routeur.c:357:14: warning: unused variable 'msg_size' [-Wunused-variable]
  OS_MSG_SIZE msg_size;
              ^~~~~~~~
../src/routeur.c:355:14: warning: unused variable 'perr' [-Wunused-variable]
  OS_ERR err, perr;
              ^~~~
../src/routeur.c: In function 'TaskOutputPort':
../src/routeur.c:416:12: warning: unused variable 'info' [-Wunused-variable]
  Info_Port info = *(Info_Port*)data;
            ^~~~
../src/routeur.c:412:14: warning: unused variable 'perr' [-Wunused-variable]
  OS_ERR err, perr;
              ^~~~
../src/routeur.c: In function 'TaskStats':
../src/routeur.c:452:10: warning: unused variable 'actualticks' [-Wunused-variable]
  OS_TICK actualticks;
          ^~~~~~~~~~~
../src/routeur.c:448:14: warning: unused variable 'perr' [-Wunused-variable]
  OS_ERR err, perr;
              ^~~~
'Finished building: ../src/routeur.c'
' '
'Building target: lab1_part1.elf'
'Invoking: ARM v7 gcc linker'
arm-none-eabi-gcc -mcpu=cortex-a9 -mfpu=vfpv3 -mfloat-abi=hard -Wl,-build-id=none -specs=Xilinx.spec -Wl,-T -Wl,../src/lscript.ld -L../../ucos_bsp_0/ps7_cortexa9_0/lib -o "lab1_part1.elf"  ./src/routeur.o   -Wl,--start-group,-lucos,-lgcc,-lc,--end-group -Wl,--start-group,-lxil,-lgcc,-lc,--end-group
'Finished building target: lab1_part1.elf'
' '
'Invoking: ARM v7 Print Size'
arm-none-eabi-size lab1_part1.elf  |tee "lab1_part1.elf.size"
   text	   data	    bss	    dec	    hex	filename
  77120	   2152	 293984	 373256	  5b208	lab1_part1.elf
'Finished building: lab1_part1.elf.size'
' '
12:05:58 **** Incremental Build of configuration Debug for project lab1_part1 ****
make pre-build main-build 
a9-linaro-pre-build-step
' '
make: Nothing to be done for 'main-build'.
12:07:48 **** Incremental Build of configuration Debug for project lab1_part1 ****
make pre-build main-build 
a9-linaro-pre-build-step
' '
make: Nothing to be done for 'main-build'.
12:10:19 **** Incremental Build of configuration Debug for project lab1_part1 ****
make pre-build main-build 
a9-linaro-pre-build-step
' '
make: Nothing to be done for 'main-build'.
12:13:58 **** Auto Build of configuration Debug for project lab1_part1 ****
make pre-build main-build 
a9-linaro-pre-build-step
' '
'Building file: ../src/routeur.c'
'Invoking: ARM v7 gcc compiler'
arm-none-eabi-gcc -Wall -O0 -g3 -c -fmessage-length=0 -MT"src/routeur.o" -mcpu=cortex-a9 -mfpu=vfpv3 -mfloat-abi=hard -I../../ucos_bsp_0/ps7_cortexa9_0/include -MMD -MP -MF"src/routeur.d" -MT"src/routeur.o" -o "src/routeur.o" "../src/routeur.c"
../src/routeur.c:48:1: warning: multi-line comment [-Wcomment]
 // #define safeprintf(fmt, ...)               \
 ^
../src/routeur.c: In function 'create_tasks':
../src/routeur.c:99:6: warning: unused variable 'i' [-Wunused-variable]
  int i;
      ^
../src/routeur.c: In function 'create_events':
../src/routeur.c:110:6: warning: unused variable 'i' [-Wunused-variable]
  int i;
      ^
../src/routeur.c: In function 'TaskGenerate':
../src/routeur.c:155:14: warning: unused variable 'perr' [-Wunused-variable]
  OS_ERR err, perr;
              ^~~~
../src/routeur.c: In function 'TaskComputing':
../src/routeur.c:231:14: warning: unused variable 'perr' [-Wunused-variable]
  OS_ERR err, perr;
              ^~~~
../src/routeur.c: In function 'TaskForwarding':
../src/routeur.c:313:14: warning: unused variable 'perr' [-Wunused-variable]
  OS_ERR err, perr;
              ^~~~
../src/routeur.c: In function 'dispatch_packet':
../src/routeur.c:357:14: warning: unused variable 'msg_size' [-Wunused-variable]
  OS_MSG_SIZE msg_size;
              ^~~~~~~~
../src/routeur.c:355:14: warning: unused variable 'perr' [-Wunused-variable]
  OS_ERR err, perr;
              ^~~~
../src/routeur.c: In function 'TaskOutputPort':
../src/routeur.c:416:12: warning: unused variable 'info' [-Wunused-variable]
  Info_Port info = *(Info_Port*)data;
            ^~~~
../src/routeur.c:412:14: warning: unused variable 'perr' [-Wunused-variable]
  OS_ERR err, perr;
              ^~~~
../src/routeur.c: In function 'TaskStats':
../src/routeur.c:452:10: warning: unused variable 'actualticks' [-Wunused-variable]
  OS_TICK actualticks;
          ^~~~~~~~~~~
../src/routeur.c:448:14: warning: unused variable 'perr' [-Wunused-variable]
  OS_ERR err, perr;
              ^~~~
'Finished building: ../src/routeur.c'
' '
'Building target: lab1_part1.elf'
'Invoking: ARM v7 gcc linker'
arm-none-eabi-gcc -mcpu=cortex-a9 -mfpu=vfpv3 -mfloat-abi=hard -Wl,-build-id=none -specs=Xilinx.spec -Wl,-T -Wl,../src/lscript.ld -L../../ucos_bsp_0/ps7_cortexa9_0/lib -o "lab1_part1.elf"  ./src/routeur.o   -Wl,--start-group,-lucos,-lgcc,-lc,--end-group -Wl,--start-group,-lxil,-lgcc,-lc,--end-group
'Finished building target: lab1_part1.elf'
' '
'Invoking: ARM v7 Print Size'
arm-none-eabi-size lab1_part1.elf  |tee "lab1_part1.elf.size"
   text	   data	    bss	    dec	    hex	filename
  77120	   2152	 293984	 373256	  5b208	lab1_part1.elf
'Finished building: lab1_part1.elf.size'
' '
12:14:09 **** Auto Build of configuration Debug for project lab1_part1 ****
make pre-build main-build 
a9-linaro-pre-build-step
' '
'Building file: ../src/routeur.c'
'Invoking: ARM v7 gcc compiler'
arm-none-eabi-gcc -Wall -O0 -g3 -c -fmessage-length=0 -MT"src/routeur.o" -mcpu=cortex-a9 -mfpu=vfpv3 -mfloat-abi=hard -I../../ucos_bsp_0/ps7_cortexa9_0/include -MMD -MP -MF"src/routeur.d" -MT"src/routeur.o" -o "src/routeur.o" "../src/routeur.c"
../src/routeur.c:48:1: warning: multi-line comment [-Wcomment]
 // #define safeprintf(fmt, ...)               \
 ^
../src/routeur.c: In function 'create_tasks':
../src/routeur.c:99:6: warning: unused variable 'i' [-Wunused-variable]
  int i;
      ^
../src/routeur.c: In function 'create_events':
../src/routeur.c:110:6: warning: unused variable 'i' [-Wunused-variable]
  int i;
      ^
../src/routeur.c: In function 'TaskGenerate':
../src/routeur.c:155:14: warning: unused variable 'perr' [-Wunused-variable]
  OS_ERR err, perr;
              ^~~~
../src/routeur.c: In function 'TaskComputing':
../src/routeur.c:231:14: warning: unused variable 'perr' [-Wunused-variable]
  OS_ERR err, perr;
              ^~~~
../src/routeur.c: In function 'TaskForwarding':
../src/routeur.c:313:14: warning: unused variable 'perr' [-Wunused-variable]
  OS_ERR err, perr;
              ^~~~
../src/routeur.c: In function 'dispatch_packet':
../src/routeur.c:357:14: warning: unused variable 'msg_size' [-Wunused-variable]
  OS_MSG_SIZE msg_size;
              ^~~~~~~~
../src/routeur.c:355:14: warning: unused variable 'perr' [-Wunused-variable]
  OS_ERR err, perr;
              ^~~~
../src/routeur.c: In function 'TaskOutputPort':
../src/routeur.c:416:12: warning: unused variable 'info' [-Wunused-variable]
  Info_Port info = *(Info_Port*)data;
            ^~~~
../src/routeur.c:412:14: warning: unused variable 'perr' [-Wunused-variable]
  OS_ERR err, perr;
              ^~~~
../src/routeur.c: In function 'TaskStats':
../src/routeur.c:452:10: warning: unused variable 'actualticks' [-Wunused-variable]
  OS_TICK actualticks;
          ^~~~~~~~~~~
../src/routeur.c:448:14: warning: unused variable 'perr' [-Wunused-variable]
  OS_ERR err, perr;
              ^~~~
'Finished building: ../src/routeur.c'
' '
'Building target: lab1_part1.elf'
'Invoking: ARM v7 gcc linker'
arm-none-eabi-gcc -mcpu=cortex-a9 -mfpu=vfpv3 -mfloat-abi=hard -Wl,-build-id=none -specs=Xilinx.spec -Wl,-T -Wl,../src/lscript.ld -L../../ucos_bsp_0/ps7_cortexa9_0/lib -o "lab1_part1.elf"  ./src/routeur.o   -Wl,--start-group,-lucos,-lgcc,-lc,--end-group -Wl,--start-group,-lxil,-lgcc,-lc,--end-group
'Finished building target: lab1_part1.elf'
' '
'Invoking: ARM v7 Print Size'
arm-none-eabi-size lab1_part1.elf  |tee "lab1_part1.elf.size"
   text	   data	    bss	    dec	    hex	filename
  77120	   2152	 293984	 373256	  5b208	lab1_part1.elf
'Finished building: lab1_part1.elf.size'
' '
12:14:14 **** Incremental Build of configuration Debug for project lab1_part1 ****
make pre-build main-build 
a9-linaro-pre-build-step
' '
make: Nothing to be done for 'main-build'.
12:19:51 **** Auto Build of configuration Debug for project lab1_part1 ****
make pre-build main-build 
a9-linaro-pre-build-step
' '
'Building file: ../src/routeur.c'
'Invoking: ARM v7 gcc compiler'
arm-none-eabi-gcc -Wall -O0 -g3 -c -fmessage-length=0 -MT"src/routeur.o" -mcpu=cortex-a9 -mfpu=vfpv3 -mfloat-abi=hard -I../../ucos_bsp_0/ps7_cortexa9_0/include -MMD -MP -MF"src/routeur.d" -MT"src/routeur.o" -o "src/routeur.o" "../src/routeur.c"
../src/routeur.c:48:1: warning: multi-line comment [-Wcomment]
 // #define safeprintf(fmt, ...)               \
 ^
../src/routeur.c: In function 'create_tasks':
../src/routeur.c:99:6: warning: unused variable 'i' [-Wunused-variable]
  int i;
      ^
../src/routeur.c: In function 'create_events':
../src/routeur.c:110:6: warning: unused variable 'i' [-Wunused-variable]
  int i;
      ^
../src/routeur.c: In function 'TaskGenerate':
../src/routeur.c:155:14: warning: unused variable 'perr' [-Wunused-variable]
  OS_ERR err, perr;
              ^~~~
../src/routeur.c: In function 'TaskComputing':
../src/routeur.c:231:14: warning: unused variable 'perr' [-Wunused-variable]
  OS_ERR err, perr;
              ^~~~
../src/routeur.c: In function 'TaskForwarding':
../src/routeur.c:313:14: warning: unused variable 'perr' [-Wunused-variable]
  OS_ERR err, perr;
              ^~~~
../src/routeur.c: In function 'dispatch_packet':
../src/routeur.c:357:14: warning: unused variable 'msg_size' [-Wunused-variable]
  OS_MSG_SIZE msg_size;
              ^~~~~~~~
../src/routeur.c:355:14: warning: unused variable 'perr' [-Wunused-variable]
  OS_ERR err, perr;
              ^~~~
../src/routeur.c: In function 'TaskOutputPort':
../src/routeur.c:416:12: warning: unused variable 'info' [-Wunused-variable]
  Info_Port info = *(Info_Port*)data;
            ^~~~
../src/routeur.c:412:14: warning: unused variable 'perr' [-Wunused-variable]
  OS_ERR err, perr;
              ^~~~
../src/routeur.c: In function 'TaskStats':
../src/routeur.c:452:10: warning: unused variable 'actualticks' [-Wunused-variable]
  OS_TICK actualticks;
          ^~~~~~~~~~~
../src/routeur.c:448:14: warning: unused variable 'perr' [-Wunused-variable]
  OS_ERR err, perr;
              ^~~~
'Finished building: ../src/routeur.c'
' '
'Building target: lab1_part1.elf'
'Invoking: ARM v7 gcc linker'
arm-none-eabi-gcc -mcpu=cortex-a9 -mfpu=vfpv3 -mfloat-abi=hard -Wl,-build-id=none -specs=Xilinx.spec -Wl,-T -Wl,../src/lscript.ld -L../../ucos_bsp_0/ps7_cortexa9_0/lib -o "lab1_part1.elf"  ./src/routeur.o   -Wl,--start-group,-lucos,-lgcc,-lc,--end-group -Wl,--start-group,-lxil,-lgcc,-lc,--end-group
'Finished building target: lab1_part1.elf'
' '
'Invoking: ARM v7 Print Size'
arm-none-eabi-size lab1_part1.elf  |tee "lab1_part1.elf.size"
   text	   data	    bss	    dec	    hex	filename
  77120	   2152	 293984	 373256	  5b208	lab1_part1.elf
'Finished building: lab1_part1.elf.size'
' '
12:19:56 **** Incremental Build of configuration Debug for project lab1_part1 ****
make pre-build main-build 
a9-linaro-pre-build-step
' '
make: Nothing to be done for 'main-build'.
12:22:04 **** Auto Build of configuration Debug for project lab1_part1 ****
make pre-build main-build 
a9-linaro-pre-build-step
' '
'Building file: ../src/routeur.c'
'Invoking: ARM v7 gcc compiler'
arm-none-eabi-gcc -Wall -O0 -g3 -c -fmessage-length=0 -MT"src/routeur.o" -mcpu=cortex-a9 -mfpu=vfpv3 -mfloat-abi=hard -I../../ucos_bsp_0/ps7_cortexa9_0/include -MMD -MP -MF"src/routeur.d" -MT"src/routeur.o" -o "src/routeur.o" "../src/routeur.c"
../src/routeur.c:48:1: warning: multi-line comment [-Wcomment]
 // #define safeprintf(fmt, ...)               \
 ^
../src/routeur.c: In function 'create_tasks':
../src/routeur.c:99:6: warning: unused variable 'i' [-Wunused-variable]
  int i;
      ^
../src/routeur.c: In function 'create_events':
../src/routeur.c:110:6: warning: unused variable 'i' [-Wunused-variable]
  int i;
      ^
../src/routeur.c: In function 'TaskGenerate':
../src/routeur.c:155:14: warning: unused variable 'perr' [-Wunused-variable]
  OS_ERR err, perr;
              ^~~~
../src/routeur.c: In function 'TaskComputing':
../src/routeur.c:231:14: warning: unused variable 'perr' [-Wunused-variable]
  OS_ERR err, perr;
              ^~~~
../src/routeur.c: In function 'TaskForwarding':
../src/routeur.c:313:14: warning: unused variable 'perr' [-Wunused-variable]
  OS_ERR err, perr;
              ^~~~
../src/routeur.c: In function 'dispatch_packet':
../src/routeur.c:357:14: warning: unused variable 'msg_size' [-Wunused-variable]
  OS_MSG_SIZE msg_size;
              ^~~~~~~~
../src/routeur.c:355:14: warning: unused variable 'perr' [-Wunused-variable]
  OS_ERR err, perr;
              ^~~~
../src/routeur.c: In function 'TaskOutputPort':
../src/routeur.c:416:12: warning: unused variable 'info' [-Wunused-variable]
  Info_Port info = *(Info_Port*)data;
            ^~~~
../src/routeur.c:412:14: warning: unused variable 'perr' [-Wunused-variable]
  OS_ERR err, perr;
              ^~~~
../src/routeur.c: In function 'TaskStats':
../src/routeur.c:452:10: warning: unused variable 'actualticks' [-Wunused-variable]
  OS_TICK actualticks;
          ^~~~~~~~~~~
../src/routeur.c:448:14: warning: unused variable 'perr' [-Wunused-variable]
  OS_ERR err, perr;
              ^~~~
'Finished building: ../src/routeur.c'
' '
'Building target: lab1_part1.elf'
'Invoking: ARM v7 gcc linker'
arm-none-eabi-gcc -mcpu=cortex-a9 -mfpu=vfpv3 -mfloat-abi=hard -Wl,-build-id=none -specs=Xilinx.spec -Wl,-T -Wl,../src/lscript.ld -L../../ucos_bsp_0/ps7_cortexa9_0/lib -o "lab1_part1.elf"  ./src/routeur.o   -Wl,--start-group,-lucos,-lgcc,-lc,--end-group -Wl,--start-group,-lxil,-lgcc,-lc,--end-group
'Finished building target: lab1_part1.elf'
' '
'Invoking: ARM v7 Print Size'
arm-none-eabi-size lab1_part1.elf  |tee "lab1_part1.elf.size"
   text	   data	    bss	    dec	    hex	filename
  77120	   2152	 293984	 373256	  5b208	lab1_part1.elf
'Finished building: lab1_part1.elf.size'
' '
12:22:39 **** Auto Build of configuration Debug for project lab1_part1 ****
make pre-build main-build 
[...]
  OS_ERR err, perr;
              ^~~~
../src/routeur.c: In function 'TaskOutputPort':
../src/routeur.c:419:12: warning: unused variable 'info' [-Wunused-variable]
  Info_Port info = *(Info_Port*)data;
            ^~~~
../src/routeur.c:415:14: warning: unused variable 'perr' [-Wunused-variable]
  OS_ERR err, perr;
              ^~~~
../src/routeur.c: In function 'TaskStats':
../src/routeur.c:455:10: warning: unused variable 'actualticks' [-Wunused-variable]
  OS_TICK actualticks;
          ^~~~~~~~~~~
../src/routeur.c:451:14: warning: unused variable 'perr' [-Wunused-variable]
  OS_ERR err, perr;
              ^~~~
'Finished building: ../src/routeur.c'
' '
'Building target: lab1_part1.elf'
'Invoking: ARM v7 gcc linker'
arm-none-eabi-gcc -mcpu=cortex-a9 -mfpu=vfpv3 -mfloat-abi=hard -Wl,-build-id=none -specs=Xilinx.spec -Wl,-T -Wl,../src/lscript.ld -L../../ucos_bsp_0/ps7_cortexa9_0/lib -o "lab1_part1.elf"  ./src/routeur.o   -Wl,--start-group,-lucos,-lgcc,-lc,--end-group -Wl,--start-group,-lxil,-lgcc,-lc,--end-group
'Finished building target: lab1_part1.elf'
' '
'Invoking: ARM v7 Print Size'
arm-none-eabi-size lab1_part1.elf  |tee "lab1_part1.elf.size"
   text	   data	    bss	    dec	    hex	filename
  77120	   2152	 293984	 373256	  5b208	lab1_part1.elf
'Finished building: lab1_part1.elf.size'
' '
13:44:37 **** Incremental Build of configuration Debug for project lab1_part1 ****
make pre-build main-build 
a9-linaro-pre-build-step
' '
make: Nothing to be done for 'main-build'.
13:46:51 **** Auto Build of configuration Debug for project lab1_part1 ****
make pre-build main-build 
a9-linaro-pre-build-step
' '
'Building file: ../src/routeur.c'
'Invoking: ARM v7 gcc compiler'
arm-none-eabi-gcc -Wall -O0 -g3 -c -fmessage-length=0 -MT"src/routeur.o" -mcpu=cortex-a9 -mfpu=vfpv3 -mfloat-abi=hard -I../../ucos_bsp_0/ps7_cortexa9_0/include -MMD -MP -MF"src/routeur.d" -MT"src/routeur.o" -o "src/routeur.o" "../src/routeur.c"
../src/routeur.c:48:1: warning: multi-line comment [-Wcomment]
 // #define safeprintf(fmt, ...)               \
 ^
../src/routeur.c: In function 'create_tasks':
../src/routeur.c:99:6: warning: unused variable 'i' [-Wunused-variable]
  int i;
      ^
../src/routeur.c: In function 'create_events':
../src/routeur.c:110:6: warning: unused variable 'i' [-Wunused-variable]
  int i;
      ^
../src/routeur.c: In function 'TaskGenerate':
../src/routeur.c:155:14: warning: unused variable 'perr' [-Wunused-variable]
  OS_ERR err, perr;
              ^~~~
../src/routeur.c: In function 'TaskComputing':
../src/routeur.c:231:14: warning: unused variable 'perr' [-Wunused-variable]
  OS_ERR err, perr;
              ^~~~
../src/routeur.c: In function 'TaskForwarding':
../src/routeur.c:316:14: warning: unused variable 'perr' [-Wunused-variable]
  OS_ERR err, perr;
              ^~~~
../src/routeur.c: In function 'dispatch_packet':
../src/routeur.c:360:14: warning: unused variable 'msg_size' [-Wunused-variable]
  OS_MSG_SIZE msg_size;
              ^~~~~~~~
../src/routeur.c:358:14: warning: unused variable 'perr' [-Wunused-variable]
  OS_ERR err, perr;
              ^~~~
../src/routeur.c: In function 'TaskOutputPort':
../src/routeur.c:419:12: warning: unused variable 'info' [-Wunused-variable]
  Info_Port info = *(Info_Port*)data;
            ^~~~
../src/routeur.c:415:14: warning: unused variable 'perr' [-Wunused-variable]
  OS_ERR err, perr;
              ^~~~
../src/routeur.c: In function 'TaskStats':
../src/routeur.c:455:10: warning: unused variable 'actualticks' [-Wunused-variable]
  OS_TICK actualticks;
          ^~~~~~~~~~~
../src/routeur.c:451:14: warning: unused variable 'perr' [-Wunused-variable]
  OS_ERR err, perr;
              ^~~~
'Finished building: ../src/routeur.c'
' '
'Building target: lab1_part1.elf'
'Invoking: ARM v7 gcc linker'
arm-none-eabi-gcc -mcpu=cortex-a9 -mfpu=vfpv3 -mfloat-abi=hard -Wl,-build-id=none -specs=Xilinx.spec -Wl,-T -Wl,../src/lscript.ld -L../../ucos_bsp_0/ps7_cortexa9_0/lib -o "lab1_part1.elf"  ./src/routeur.o   -Wl,--start-group,-lucos,-lgcc,-lc,--end-group -Wl,--start-group,-lxil,-lgcc,-lc,--end-group
'Finished building target: lab1_part1.elf'
' '
'Invoking: ARM v7 Print Size'
arm-none-eabi-size lab1_part1.elf  |tee "lab1_part1.elf.size"
   text	   data	    bss	    dec	    hex	filename
  77120	   2152	 293984	 373256	  5b208	lab1_part1.elf
'Finished building: lab1_part1.elf.size'
' '
13:47:05 **** Incremental Build of configuration Debug for project lab1_part1 ****
make pre-build main-build 
a9-linaro-pre-build-step
' '
make: Nothing to be done for 'main-build'.
13:48:44 **** Auto Build of configuration Debug for project lab1_part1 ****
make pre-build main-build 
a9-linaro-pre-build-step
' '
'Building file: ../src/routeur.c'
'Invoking: ARM v7 gcc compiler'
arm-none-eabi-gcc -Wall -O0 -g3 -c -fmessage-length=0 -MT"src/routeur.o" -mcpu=cortex-a9 -mfpu=vfpv3 -mfloat-abi=hard -I../../ucos_bsp_0/ps7_cortexa9_0/include -MMD -MP -MF"src/routeur.d" -MT"src/routeur.o" -o "src/routeur.o" "../src/routeur.c"
../src/routeur.c:48:1: warning: multi-line comment [-Wcomment]
 // #define safeprintf(fmt, ...)               \
 ^
../src/routeur.c: In function 'create_tasks':
../src/routeur.c:99:6: warning: unused variable 'i' [-Wunused-variable]
  int i;
      ^
../src/routeur.c: In function 'create_events':
../src/routeur.c:110:6: warning: unused variable 'i' [-Wunused-variable]
  int i;
      ^
../src/routeur.c: In function 'TaskGenerate':
../src/routeur.c:155:14: warning: unused variable 'perr' [-Wunused-variable]
  OS_ERR err, perr;
              ^~~~
../src/routeur.c: In function 'TaskComputing':
../src/routeur.c:231:14: warning: unused variable 'perr' [-Wunused-variable]
  OS_ERR err, perr;
              ^~~~
../src/routeur.c: In function 'TaskForwarding':
../src/routeur.c:316:14: warning: unused variable 'perr' [-Wunused-variable]
  OS_ERR err, perr;
              ^~~~
../src/routeur.c: In function 'dispatch_packet':
../src/routeur.c:360:14: warning: unused variable 'msg_size' [-Wunused-variable]
  OS_MSG_SIZE msg_size;
              ^~~~~~~~
../src/routeur.c:358:14: warning: unused variable 'perr' [-Wunused-variable]
  OS_ERR err, perr;
              ^~~~
../src/routeur.c: In function 'TaskOutputPort':
../src/routeur.c:419:12: warning: unused variable 'info' [-Wunused-variable]
  Info_Port info = *(Info_Port*)data;
            ^~~~
../src/routeur.c:415:14: warning: unused variable 'perr' [-Wunused-variable]
  OS_ERR err, perr;
              ^~~~
../src/routeur.c: In function 'TaskStats':
../src/routeur.c:455:10: warning: unused variable 'actualticks' [-Wunused-variable]
  OS_TICK actualticks;
          ^~~~~~~~~~~
../src/routeur.c:451:14: warning: unused variable 'perr' [-Wunused-variable]
  OS_ERR err, perr;
              ^~~~
'Finished building: ../src/routeur.c'
' '
'Building target: lab1_part1.elf'
'Invoking: ARM v7 gcc linker'
arm-none-eabi-gcc -mcpu=cortex-a9 -mfpu=vfpv3 -mfloat-abi=hard -Wl,-build-id=none -specs=Xilinx.spec -Wl,-T -Wl,../src/lscript.ld -L../../ucos_bsp_0/ps7_cortexa9_0/lib -o "lab1_part1.elf"  ./src/routeur.o   -Wl,--start-group,-lucos,-lgcc,-lc,--end-group -Wl,--start-group,-lxil,-lgcc,-lc,--end-group
'Finished building target: lab1_part1.elf'
' '
'Invoking: ARM v7 Print Size'
arm-none-eabi-size lab1_part1.elf  |tee "lab1_part1.elf.size"
   text	   data	    bss	    dec	    hex	filename
  77120	   2152	 293984	 373256	  5b208	lab1_part1.elf
'Finished building: lab1_part1.elf.size'
' '
13:48:52 **** Incremental Build of configuration Debug for project lab1_part1 ****
make pre-build main-build 
a9-linaro-pre-build-step
' '
make: Nothing to be done for 'main-build'.
13:51:30 **** Auto Build of configuration Debug for project lab1_part1 ****
make pre-build main-build 
a9-linaro-pre-build-step
' '
'Building file: ../src/routeur.c'
'Invoking: ARM v7 gcc compiler'
arm-none-eabi-gcc -Wall -O0 -g3 -c -fmessage-length=0 -MT"src/routeur.o" -mcpu=cortex-a9 -mfpu=vfpv3 -mfloat-abi=hard -I../../ucos_bsp_0/ps7_cortexa9_0/include -MMD -MP -MF"src/routeur.d" -MT"src/routeur.o" -o "src/routeur.o" "../src/routeur.c"
../src/routeur.c:48:1: warning: multi-line comment [-Wcomment]
 // #define safeprintf(fmt, ...)               \
 ^
../src/routeur.c: In function 'create_tasks':
../src/routeur.c:99:6: warning: unused variable 'i' [-Wunused-variable]
  int i;
      ^
../src/routeur.c: In function 'create_events':
../src/routeur.c:110:6: warning: unused variable 'i' [-Wunused-variable]
  int i;
      ^
../src/routeur.c: In function 'TaskGenerate':
../src/routeur.c:155:14: warning: unused variable 'perr' [-Wunused-variable]
  OS_ERR err, perr;
              ^~~~
../src/routeur.c: In function 'TaskComputing':
../src/routeur.c:231:14: warning: unused variable 'perr' [-Wunused-variable]
  OS_ERR err, perr;
              ^~~~
../src/routeur.c: In function 'TaskForwarding':
../src/routeur.c:316:14: warning: unused variable 'perr' [-Wunused-variable]
  OS_ERR err, perr;
              ^~~~
../src/routeur.c: In function 'dispatch_packet':
../src/routeur.c:360:14: warning: unused variable 'msg_size' [-Wunused-variable]
  OS_MSG_SIZE msg_size;
              ^~~~~~~~
../src/routeur.c:358:14: warning: unused variable 'perr' [-Wunused-variable]
  OS_ERR err, perr;
              ^~~~
../src/routeur.c: In function 'TaskOutputPort':
../src/routeur.c:419:12: warning: unused variable 'info' [-Wunused-variable]
  Info_Port info = *(Info_Port*)data;
            ^~~~
../src/routeur.c:415:14: warning: unused variable 'perr' [-Wunused-variable]
  OS_ERR err, perr;
              ^~~~
../src/routeur.c: In function 'TaskStats':
../src/routeur.c:455:10: warning: unused variable 'actualticks' [-Wunused-variable]
  OS_TICK actualticks;
          ^~~~~~~~~~~
../src/routeur.c:451:14: warning: unused variable 'perr' [-Wunused-variable]
  OS_ERR err, perr;
              ^~~~
'Finished building: ../src/routeur.c'
' '
'Building target: lab1_part1.elf'
'Invoking: ARM v7 gcc linker'
arm-none-eabi-gcc -mcpu=cortex-a9 -mfpu=vfpv3 -mfloat-abi=hard -Wl,-build-id=none -specs=Xilinx.spec -Wl,-T -Wl,../src/lscript.ld -L../../ucos_bsp_0/ps7_cortexa9_0/lib -o "lab1_part1.elf"  ./src/routeur.o   -Wl,--start-group,-lucos,-lgcc,-lc,--end-group -Wl,--start-group,-lxil,-lgcc,-lc,--end-group
'Finished building target: lab1_part1.elf'
' '
'Invoking: ARM v7 Print Size'
arm-none-eabi-size lab1_part1.elf  |tee "lab1_part1.elf.size"
   text	   data	    bss	    dec	    hex	filename
  77120	   2152	 293984	 373256	  5b208	lab1_part1.elf
'Finished building: lab1_part1.elf.size'
' '
13:51:38 **** Incremental Build of configuration Debug for project lab1_part1 ****
make pre-build main-build 
a9-linaro-pre-build-step
' '
make: Nothing to be done for 'main-build'.
13:53:16 **** Auto Build of configuration Debug for project lab1_part1 ****
make pre-build main-build 
a9-linaro-pre-build-step
' '
'Building file: ../src/routeur.c'
'Invoking: ARM v7 gcc compiler'
arm-none-eabi-gcc -Wall -O0 -g3 -c -fmessage-length=0 -MT"src/routeur.o" -mcpu=cortex-a9 -mfpu=vfpv3 -mfloat-abi=hard -I../../ucos_bsp_0/ps7_cortexa9_0/include -MMD -MP -MF"src/routeur.d" -MT"src/routeur.o" -o "src/routeur.o" "../src/routeur.c"
../src/routeur.c:48:1: warning: multi-line comment [-Wcomment]
 // #define safeprintf(fmt, ...)               \
 ^
../src/routeur.c: In function 'create_tasks':
../src/routeur.c:99:6: warning: unused variable 'i' [-Wunused-variable]
  int i;
      ^
../src/routeur.c: In function 'create_events':
../src/routeur.c:110:6: warning: unused variable 'i' [-Wunused-variable]
  int i;
      ^
../src/routeur.c: In function 'TaskGenerate':
../src/routeur.c:155:14: warning: unused variable 'perr' [-Wunused-variable]
  OS_ERR err, perr;
              ^~~~
../src/routeur.c: In function 'TaskComputing':
../src/routeur.c:231:14: warning: unused variable 'perr' [-Wunused-variable]
  OS_ERR err, perr;
              ^~~~
../src/routeur.c: In function 'TaskForwarding':
../src/routeur.c:316:14: warning: unused variable 'perr' [-Wunused-variable]
  OS_ERR err, perr;
              ^~~~
../src/routeur.c: In function 'dispatch_packet':
../src/routeur.c:360:14: warning: unused variable 'msg_size' [-Wunused-variable]
  OS_MSG_SIZE msg_size;
              ^~~~~~~~
../src/routeur.c:358:14: warning: unused variable 'perr' [-Wunused-variable]
  OS_ERR err, perr;
              ^~~~
../src/routeur.c: In function 'TaskOutputPort':
../src/routeur.c:419:12: warning: unused variable 'info' [-Wunused-variable]
  Info_Port info = *(Info_Port*)data;
            ^~~~
../src/routeur.c:415:14: warning: unused variable 'perr' [-Wunused-variable]
  OS_ERR err, perr;
              ^~~~
../src/routeur.c: In function 'TaskStats':
../src/routeur.c:455:10: warning: unused variable 'actualticks' [-Wunused-variable]
  OS_TICK actualticks;
          ^~~~~~~~~~~
../src/routeur.c:451:14: warning: unused variable 'perr' [-Wunused-variable]
  OS_ERR err, perr;
              ^~~~
'Finished building: ../src/routeur.c'
' '
'Building target: lab1_part1.elf'
'Invoking: ARM v7 gcc linker'
arm-none-eabi-gcc -mcpu=cortex-a9 -mfpu=vfpv3 -mfloat-abi=hard -Wl,-build-id=none -specs=Xilinx.spec -Wl,-T -Wl,../src/lscript.ld -L../../ucos_bsp_0/ps7_cortexa9_0/lib -o "lab1_part1.elf"  ./src/routeur.o   -Wl,--start-group,-lucos,-lgcc,-lc,--end-group -Wl,--start-group,-lxil,-lgcc,-lc,--end-group
'Finished building target: lab1_part1.elf'
' '
'Invoking: ARM v7 Print Size'
arm-none-eabi-size lab1_part1.elf  |tee "lab1_part1.elf.size"
   text	   data	    bss	    dec	    hex	filename
  77120	   2152	 293984	 373256	  5b208	lab1_part1.elf
'Finished building: lab1_part1.elf.size'
' '
13:53:19 **** Incremental Build of configuration Debug for project lab1_part1 ****
make pre-build main-build 
a9-linaro-pre-build-step
' '
make: Nothing to be done for 'main-build'.
13:55:03 **** Auto Build of configuration Debug for project lab1_part1 ****
make pre-build main-build 
a9-linaro-pre-build-step
' '
'Building file: ../src/routeur.c'
'Invoking: ARM v7 gcc compiler'
arm-none-eabi-gcc -Wall -O0 -g3 -c -fmessage-length=0 -MT"src/routeur.o" -mcpu=cortex-a9 -mfpu=vfpv3 -mfloat-abi=hard -I../../ucos_bsp_0/ps7_cortexa9_0/include -MMD -MP -MF"src/routeur.d" -MT"src/routeur.o" -o "src/routeur.o" "../src/routeur.c"
../src/routeur.c:48:1: warning: multi-line comment [-Wcomment]
 // #define safeprintf(fmt, ...)               \
 ^
../src/routeur.c: In function 'create_tasks':
../src/routeur.c:99:6: warning: unused variable 'i' [-Wunused-variable]
  int i;
      ^
../src/routeur.c: In function 'create_events':
../src/routeur.c:110:6: warning: unused variable 'i' [-Wunused-variable]
  int i;
      ^
../src/routeur.c: In function 'TaskGenerate':
../src/routeur.c:155:14: warning: unused variable 'perr' [-Wunused-variable]
  OS_ERR err, perr;
              ^~~~
../src/routeur.c: In function 'TaskComputing':
../src/routeur.c:231:14: warning: unused variable 'perr' [-Wunused-variable]
  OS_ERR err, perr;
              ^~~~
../src/routeur.c: In function 'TaskForwarding':
../src/routeur.c:316:14: warning: unused variable 'perr' [-Wunused-variable]
  OS_ERR err, perr;
              ^~~~
../src/routeur.c: In function 'dispatch_packet':
../src/routeur.c:360:14: warning: unused variable 'msg_size' [-Wunused-variable]
  OS_MSG_SIZE msg_size;
              ^~~~~~~~
../src/routeur.c:358:14: warning: unused variable 'perr' [-Wunused-variable]
  OS_ERR err, perr;
              ^~~~
../src/routeur.c: In function 'TaskOutputPort':
../src/routeur.c:419:12: warning: unused variable 'info' [-Wunused-variable]
  Info_Port info = *(Info_Port*)data;
            ^~~~
../src/routeur.c:415:14: warning: unused variable 'perr' [-Wunused-variable]
  OS_ERR err, perr;
              ^~~~
../src/routeur.c: In function 'TaskStats':
../src/routeur.c:455:10: warning: unused variable 'actualticks' [-Wunused-variable]
  OS_TICK actualticks;
          ^~~~~~~~~~~
../src/routeur.c:451:14: warning: unused variable 'perr' [-Wunused-variable]
  OS_ERR err, perr;
              ^~~~
'Finished building: ../src/routeur.c'
' '
'Building target: lab1_part1.elf'
'Invoking: ARM v7 gcc linker'
arm-none-eabi-gcc -mcpu=cortex-a9 -mfpu=vfpv3 -mfloat-abi=hard -Wl,-build-id=none -specs=Xilinx.spec -Wl,-T -Wl,../src/lscript.ld -L../../ucos_bsp_0/ps7_cortexa9_0/lib -o "lab1_part1.elf"  ./src/routeur.o   -Wl,--start-group,-lucos,-lgcc,-lc,--end-group -Wl,--start-group,-lxil,-lgcc,-lc,--end-group
'Finished building target: lab1_part1.elf'
' '
'Invoking: ARM v7 Print Size'
arm-none-eabi-size lab1_part1.elf  |tee "lab1_part1.elf.size"
   text	   data	    bss	    dec	    hex	filename
  77120	   2152	 293984	 373256	  5b208	lab1_part1.elf
'Finished building: lab1_part1.elf.size'
' '
13:55:09 **** Incremental Build of configuration Debug for project lab1_part1 ****
make pre-build main-build 
a9-linaro-pre-build-step
' '
make: Nothing to be done for 'main-build'.
13:57:46 **** Auto Build of configuration Debug for project lab1_part1 ****
make pre-build main-build 
a9-linaro-pre-build-step
' '
'Building file: ../src/routeur.c'
'Invoking: ARM v7 gcc compiler'
arm-none-eabi-gcc -Wall -O0 -g3 -c -fmessage-length=0 -MT"src/routeur.o" -mcpu=cortex-a9 -mfpu=vfpv3 -mfloat-abi=hard -I../../ucos_bsp_0/ps7_cortexa9_0/include -MMD -MP -MF"src/routeur.d" -MT"src/routeur.o" -o "src/routeur.o" "../src/routeur.c"
../src/routeur.c:48:1: warning: multi-line comment [-Wcomment]
 // #define safeprintf(fmt, ...)               \
 ^
../src/routeur.c: In function 'create_tasks':
../src/routeur.c:99:6: warning: unused variable 'i' [-Wunused-variable]
  int i;
      ^
../src/routeur.c: In function 'create_events':
../src/routeur.c:110:6: warning: unused variable 'i' [-Wunused-variable]
  int i;
      ^
../src/routeur.c: In function 'TaskGenerate':
../src/routeur.c:155:14: warning: unused variable 'perr' [-Wunused-variable]
  OS_ERR err, perr;
              ^~~~
../src/routeur.c: In function 'TaskComputing':
../src/routeur.c:231:14: warning: unused variable 'perr' [-Wunused-variable]
  OS_ERR err, perr;
              ^~~~
../src/routeur.c: In function 'TaskForwarding':
../src/routeur.c:316:14: warning: unused variable 'perr' [-Wunused-variable]
  OS_ERR err, perr;
              ^~~~
../src/routeur.c: In function 'dispatch_packet':
../src/routeur.c:360:14: warning: unused variable 'msg_size' [-Wunused-variable]
  OS_MSG_SIZE msg_size;
              ^~~~~~~~
../src/routeur.c:358:14: warning: unused variable 'perr' [-Wunused-variable]
  OS_ERR err, perr;
              ^~~~
../src/routeur.c: In function 'TaskOutputPort':
../src/routeur.c:419:12: warning: unused variable 'info' [-Wunused-variable]
  Info_Port info = *(Info_Port*)data;
            ^~~~
../src/routeur.c:415:14: warning: unused variable 'perr' [-Wunused-variable]
  OS_ERR err, perr;
              ^~~~
../src/routeur.c: In function 'TaskStats':
../src/routeur.c:455:10: warning: unused variable 'actualticks' [-Wunused-variable]
  OS_TICK actualticks;
          ^~~~~~~~~~~
../src/routeur.c:451:14: warning: unused variable 'perr' [-Wunused-variable]
  OS_ERR err, perr;
              ^~~~
'Finished building: ../src/routeur.c'
' '
'Building target: lab1_part1.elf'
'Invoking: ARM v7 gcc linker'
arm-none-eabi-gcc -mcpu=cortex-a9 -mfpu=vfpv3 -mfloat-abi=hard -Wl,-build-id=none -specs=Xilinx.spec -Wl,-T -Wl,../src/lscript.ld -L../../ucos_bsp_0/ps7_cortexa9_0/lib -o "lab1_part1.elf"  ./src/routeur.o   -Wl,--start-group,-lucos,-lgcc,-lc,--end-group -Wl,--start-group,-lxil,-lgcc,-lc,--end-group
'Finished building target: lab1_part1.elf'
' '
'Invoking: ARM v7 Print Size'
arm-none-eabi-size lab1_part1.elf  |tee "lab1_part1.elf.size"
   text	   data	    bss	    dec	    hex	filename
  77120	   2152	 293984	 373256	  5b208	lab1_part1.elf
'Finished building: lab1_part1.elf.size'
' '
13:57:52 **** Incremental Build of configuration Debug for project lab1_part1 ****
make pre-build main-build 
a9-linaro-pre-build-step
' '
make: Nothing to be done for 'main-build'.
